Archive member included to satisfy reference by file (symbol)

d:/programfilesnew/st/stm32cubeide_1.0.0/stm32cubeide/plugins/com.st.stm32cube.ide.mcu.externaltools.gnu-tools-for-stm32.7-2018-q2-update.win32_1.0.0.201904181610/tools/bin/../lib/gcc/arm-none-eabi/7.3.1/../../../../arm-none-eabi/lib/thumb/v7e-m/fpv4-sp/hard\libc_nano.a(lib_a-errno.o)
                              Core/Src/syscalls.o (__errno)
d:/programfilesnew/st/stm32cubeide_1.0.0/stm32cubeide/plugins/com.st.stm32cube.ide.mcu.externaltools.gnu-tools-for-stm32.7-2018-q2-update.win32_1.0.0.201904181610/tools/bin/../lib/gcc/arm-none-eabi/7.3.1/../../../../arm-none-eabi/lib/thumb/v7e-m/fpv4-sp/hard\libc_nano.a(lib_a-exit.o)
                              d:/programfilesnew/st/stm32cubeide_1.0.0/stm32cubeide/plugins/com.st.stm32cube.ide.mcu.externaltools.gnu-tools-for-stm32.7-2018-q2-update.win32_1.0.0.201904181610/tools/bin/../lib/gcc/arm-none-eabi/7.3.1/../../../../arm-none-eabi/lib/thumb/v7e-m/fpv4-sp/hard/crt0.o (exit)
d:/programfilesnew/st/stm32cubeide_1.0.0/stm32cubeide/plugins/com.st.stm32cube.ide.mcu.externaltools.gnu-tools-for-stm32.7-2018-q2-update.win32_1.0.0.201904181610/tools/bin/../lib/gcc/arm-none-eabi/7.3.1/../../../../arm-none-eabi/lib/thumb/v7e-m/fpv4-sp/hard\libc_nano.a(lib_a-impure.o)
                              d:/programfilesnew/st/stm32cubeide_1.0.0/stm32cubeide/plugins/com.st.stm32cube.ide.mcu.externaltools.gnu-tools-for-stm32.7-2018-q2-update.win32_1.0.0.201904181610/tools/bin/../lib/gcc/arm-none-eabi/7.3.1/../../../../arm-none-eabi/lib/thumb/v7e-m/fpv4-sp/hard\libc_nano.a(lib_a-exit.o) (_global_impure_ptr)
d:/programfilesnew/st/stm32cubeide_1.0.0/stm32cubeide/plugins/com.st.stm32cube.ide.mcu.externaltools.gnu-tools-for-stm32.7-2018-q2-update.win32_1.0.0.201904181610/tools/bin/../lib/gcc/arm-none-eabi/7.3.1/../../../../arm-none-eabi/lib/thumb/v7e-m/fpv4-sp/hard\libc_nano.a(lib_a-init.o)
                              d:/programfilesnew/st/stm32cubeide_1.0.0/stm32cubeide/plugins/com.st.stm32cube.ide.mcu.externaltools.gnu-tools-for-stm32.7-2018-q2-update.win32_1.0.0.201904181610/tools/bin/../lib/gcc/arm-none-eabi/7.3.1/../../../../arm-none-eabi/lib/thumb/v7e-m/fpv4-sp/hard/crt0.o (__libc_init_array)
d:/programfilesnew/st/stm32cubeide_1.0.0/stm32cubeide/plugins/com.st.stm32cube.ide.mcu.externaltools.gnu-tools-for-stm32.7-2018-q2-update.win32_1.0.0.201904181610/tools/bin/../lib/gcc/arm-none-eabi/7.3.1/../../../../arm-none-eabi/lib/thumb/v7e-m/fpv4-sp/hard\libc_nano.a(lib_a-memset.o)
                              d:/programfilesnew/st/stm32cubeide_1.0.0/stm32cubeide/plugins/com.st.stm32cube.ide.mcu.externaltools.gnu-tools-for-stm32.7-2018-q2-update.win32_1.0.0.201904181610/tools/bin/../lib/gcc/arm-none-eabi/7.3.1/../../../../arm-none-eabi/lib/thumb/v7e-m/fpv4-sp/hard/crt0.o (memset)
d:/programfilesnew/st/stm32cubeide_1.0.0/stm32cubeide/plugins/com.st.stm32cube.ide.mcu.externaltools.gnu-tools-for-stm32.7-2018-q2-update.win32_1.0.0.201904181610/tools/bin/../lib/gcc/arm-none-eabi/7.3.1/thumb/v7e-m/fpv4-sp/hard\libgcc.a(_aeabi_uldivmod.o)
                              Drivers/STM32G4xx_HAL_Driver/Src/stm32g4xx_hal_uart.o (__aeabi_uldivmod)
d:/programfilesnew/st/stm32cubeide_1.0.0/stm32cubeide/plugins/com.st.stm32cube.ide.mcu.externaltools.gnu-tools-for-stm32.7-2018-q2-update.win32_1.0.0.201904181610/tools/bin/../lib/gcc/arm-none-eabi/7.3.1/thumb/v7e-m/fpv4-sp/hard\libgcc.a(_udivmoddi4.o)
                              d:/programfilesnew/st/stm32cubeide_1.0.0/stm32cubeide/plugins/com.st.stm32cube.ide.mcu.externaltools.gnu-tools-for-stm32.7-2018-q2-update.win32_1.0.0.201904181610/tools/bin/../lib/gcc/arm-none-eabi/7.3.1/thumb/v7e-m/fpv4-sp/hard\libgcc.a(_aeabi_uldivmod.o) (__udivmoddi4)
d:/programfilesnew/st/stm32cubeide_1.0.0/stm32cubeide/plugins/com.st.stm32cube.ide.mcu.externaltools.gnu-tools-for-stm32.7-2018-q2-update.win32_1.0.0.201904181610/tools/bin/../lib/gcc/arm-none-eabi/7.3.1/thumb/v7e-m/fpv4-sp/hard\libgcc.a(_dvmd_tls.o)
                              d:/programfilesnew/st/stm32cubeide_1.0.0/stm32cubeide/plugins/com.st.stm32cube.ide.mcu.externaltools.gnu-tools-for-stm32.7-2018-q2-update.win32_1.0.0.201904181610/tools/bin/../lib/gcc/arm-none-eabi/7.3.1/thumb/v7e-m/fpv4-sp/hard\libgcc.a(_aeabi_uldivmod.o) (__aeabi_ldiv0)

Allocating common symbols
Common symbol       size              file

adc3_data           0xc               Core/Src/main.o
hUsbDeviceFS        0x2c4             USB_Device/App/usb_device.o
i3                  0x4               Core/Src/stm32g4xx_it.o
adc3_ready          0x1               Core/Src/stm32g4xx_it.o
hdac1               0x14              Core/Src/main.o
huart3              0x8c              Core/Src/main.o
hadc2               0x6c              Core/Src/main.o
adc2_data           0xc               Core/Src/main.o
i2                  0x4               Core/Src/stm32g4xx_it.o
adc1_ready          0x1               Core/Src/stm32g4xx_it.o
[...]
Memory Configuration

Name             Origin             Length             Attributes
RAM              0x0000000020000000 0x0000000000020000 xrw
FLASH            0x0000000008000000 0x0000000000080000 xr
*default*        0x0000000000000000 0xffffffffffffffff

Linker script and memory map

LOAD d:/programfilesnew/st/stm32cubeide_1.0.0/stm32cubeide/plugins/com.st.stm32cube.ide.mcu.externaltools.gnu-tools-for-stm32.7-2018-q2-update.win32_1.0.0.201904181610/tools/bin/../lib/gcc/arm-none-eabi/7.3.1/thumb/v7e-m/fpv4-sp/hard/crti.o
LOAD d:/programfilesnew/st/stm32cubeide_1.0.0/stm32cubeide/plugins/com.st.stm32cube.ide.mcu.externaltools.gnu-tools-for-stm32.7-2018-q2-update.win32_1.0.0.201904181610/tools/bin/../lib/gcc/arm-none-eabi/7.3.1/thumb/v7e-m/fpv4-sp/hard/crtbegin.o
LOAD d:/programfilesnew/st/stm32cubeide_1.0.0/stm32cubeide/plugins/com.st.stm32cube.ide.mcu.externaltools.gnu-tools-for-stm32.7-2018-q2-update.win32_1.0.0.201904181610/tools/bin/../lib/gcc/arm-none-eabi/7.3.1/../../../../arm-none-eabi/lib/thumb/v7e-m/fpv4-sp/hard/crt0.o
LOAD Core/Src/main.o
LOAD Core/Src/stm32g4xx_hal_msp.o
LOAD Core/Src/stm32g4xx_it.o
LOAD Core/Src/syscalls.o
LOAD Core/Src/sysmem.o
LOAD Core/Src/system_stm32g4xx.o
LOAD Core/Startup/startup_stm32g471cetx.o
LOAD Drivers/STM32G4xx_HAL_Driver/Src/stm32g4xx_hal.o
LOAD Drivers/STM32G4xx_HAL_Driver/Src/stm32g4xx_hal_adc.o
LOAD Drivers/STM32G4xx_HAL_Driver/Src/stm32g4xx_hal_adc_ex.o
LOAD Drivers/STM32G4xx_HAL_Driver/Src/stm32g4xx_hal_cortex.o
LOAD Drivers/STM32G4xx_HAL_Driver/Src/stm32g4xx_hal_dac.o
LOAD Drivers/STM32G4xx_HAL_Driver/Src/stm32g4xx_hal_dac_ex.o
LOAD Drivers/STM32G4xx_HAL_Driver/Src/stm32g4xx_hal_dma.o
LOAD Drivers/STM32G4xx_HAL_Driver/Src/stm32g4xx_hal_dma_ex.o
LOAD Drivers/STM32G4xx_HAL_Driver/Src/stm32g4xx_hal_exti.o
LOAD Drivers/STM32G4xx_HAL_Driver/Src/stm32g4xx_hal_fdcan.o
LOAD Drivers/STM32G4xx_HAL_Driver/Src/stm32g4xx_hal_flash.o
LOAD Drivers/STM32G4xx_HAL_Driver/Src/stm32g4xx_hal_flash_ex.o
LOAD Drivers/STM32G4xx_HAL_Driver/Src/stm32g4xx_hal_flash_ramfunc.o
LOAD Drivers/STM32G4xx_HAL_Driver/Src/stm32g4xx_hal_gpio.o
LOAD Drivers/STM32G4xx_HAL_Driver/Src/stm32g4xx_hal_pcd.o
LOAD Drivers/STM32G4xx_HAL_Driver/Src/stm32g4xx_hal_pcd_ex.o
LOAD Drivers/STM32G4xx_HAL_Driver/Src/stm32g4xx_hal_pwr.o
LOAD Drivers/STM32G4xx_HAL_Driver/Src/stm32g4xx_hal_pwr_ex.o
LOAD Drivers/STM32G4xx_HAL_Driver/Src/stm32g4xx_hal_rcc.o
LOAD Drivers/STM32G4xx_HAL_Driver/Src/stm32g4xx_hal_rcc_ex.o
LOAD Drivers/STM32G4xx_HAL_Driver/Src/stm32g4xx_hal_tim.o
LOAD Drivers/STM32G4xx_HAL_Driver/Src/stm32g4xx_hal_tim_ex.o
LOAD Drivers/STM32G4xx_HAL_Driver/Src/stm32g4xx_hal_uart.o
LOAD Drivers/STM32G4xx_HAL_Driver/Src/stm32g4xx_hal_uart_ex.o
LOAD Drivers/STM32G4xx_HAL_Driver/Src/stm32g4xx_ll_adc.o
LOAD Drivers/STM32G4xx_HAL_Driver/Src/stm32g4xx_ll_pwr.o
LOAD Drivers/STM32G4xx_HAL_Driver/Src/stm32g4xx_ll_usb.o
LOAD Middlewares/ST/STM32_USB_Device_Library/Class/CDC/Src/usbd_cdc.o
LOAD Middlewares/ST/STM32_USB_Device_Library/Core/Src/usbd_core.o
LOAD Middlewares/ST/STM32_USB_Device_Library/Core/Src/usbd_ctlreq.o
LOAD Middlewares/ST/STM32_USB_Device_Library/Core/Src/usbd_ioreq.o
LOAD USB_Device/App/usb_device.o
LOAD USB_Device/App/usbd_cdc_if.o
LOAD USB_Device/App/usbd_desc.o
LOAD USB_Device/Target/usbd_conf.o
START GROUP
LOAD d:/programfilesnew/st/stm32cubeide_1.0.0/stm32cubeide/plugins/com.st.stm32cube.ide.mcu.externaltools.gnu-tools-for-stm32.7-2018-q2-update.win32_1.0.0.201904181610/tools/bin/../lib/gcc/arm-none-eabi/7.3.1/../../../../arm-none-eabi/lib/thumb/v7e-m/fpv4-sp/hard\libc_nano.a
LOAD d:/programfilesnew/st/stm32cubeide_1.0.0/stm32cubeide/plugins/com.st.stm32cube.ide.mcu.externaltools.gnu-tools-for-stm32.7-2018-q2-update.win32_1.0.0.201904181610/tools/bin/../lib/gcc/arm-none-eabi/7.3.1/../../../../arm-none-eabi/lib/thumb/v7e-m/fpv4-sp/hard\libm.a
END GROUP
START GROUP
LOAD d:/programfilesnew/st/stm32cubeide_1.0.0/stm32cubeide/plugins/com.st.stm32cube.ide.mcu.externaltools.gnu-tools-for-stm32.7-2018-q2-update.win32_1.0.0.201904181610/tools/bin/../lib/gcc/arm-none-eabi/7.3.1/thumb/v7e-m/fpv4-sp/hard\libgcc.a
LOAD d:/programfilesnew/st/stm32cubeide_1.0.0/stm32cubeide/plugins/com.st.stm32cube.ide.mcu.externaltools.gnu-tools-for-stm32.7-2018-q2-update.win32_1.0.0.201904181610/tools/bin/../lib/gcc/arm-none-eabi/7.3.1/../../../../arm-none-eabi/lib/thumb/v7e-m/fpv4-sp/hard\libc_nano.a
END GROUP
START GROUP
LOAD d:/programfilesnew/st/stm32cubeide_1.0.0/stm32cubeide/plugins/com.st.stm32cube.ide.mcu.externaltools.gnu-tools-for-stm32.7-2018-q2-update.win32_1.0.0.201904181610/tools/bin/../lib/gcc/arm-none-eabi/7.3.1/thumb/v7e-m/fpv4-sp/hard\libgcc.a
LOAD d:/programfilesnew/st/stm32cubeide_1.0.0/stm32cubeide/plugins/com.st.stm32cube.ide.mcu.externaltools.gnu-tools-for-stm32.7-2018-q2-update.win32_1.0.0.201904181610/tools/bin/../lib/gcc/arm-none-eabi/7.3.1/../../../../arm-none-eabi/lib/thumb/v7e-m/fpv4-sp/hard\libc_nano.a
LOAD d:/programfilesnew/st/stm32cubeide_1.0.0/stm32cubeide/plugins/com.st.stm32cube.ide.mcu.externaltools.gnu-tools-for-stm32.7-2018-q2-update.win32_1.0.0.201904181610/tools/bin/../lib/gcc/arm-none-eabi/7.3.1/../../../../arm-none-eabi/lib/thumb/v7e-m/fpv4-sp/hard\libnosys.a
END GROUP
START GROUP
LOAD d:/programfilesnew/st/stm32cubeide_1.0.0/stm32cubeide/plugins/com.st.stm32cube.ide.mcu.externaltools.gnu-tools-for-stm32.7-2018-q2-update.win32_1.0.0.201904181610/tools/bin/../lib/gcc/arm-none-eabi/7.3.1/thumb/v7e-m/fpv4-sp/hard\libgcc.a
LOAD d:/programfilesnew/st/stm32cubeide_1.0.0/stm32cubeide/plugins/com.st.stm32cube.ide.mcu.externaltools.gnu-tools-for-stm32.7-2018-q2-update.win32_1.0.0.201904181610/tools/bin/../lib/gcc/arm-none-eabi/7.3.1/../../../../arm-none-eabi/lib/thumb/v7e-m/fpv4-sp/hard\libc_nano.a
LOAD d:/programfilesnew/st/stm32cubeide_1.0.0/stm32cubeide/plugins/com.st.stm32cube.ide.mcu.externaltools.gnu-tools-for-stm32.7-2018-q2-update.win32_1.0.0.201904181610/tools/bin/../lib/gcc/arm-none-eabi/7.3.1/../../../../arm-none-eabi/lib/thumb/v7e-m/fpv4-sp/hard\libnosys.a
END GROUP
LOAD d:/programfilesnew/st/stm32cubeide_1.0.0/stm32cubeide/plugins/com.st.stm32cube.ide.mcu.externaltools.gnu-tools-for-stm32.7-2018-q2-update.win32_1.0.0.201904181610/tools/bin/../lib/gcc/arm-none-eabi/7.3.1/thumb/v7e-m/fpv4-sp/hard/crtend.o
LOAD d:/programfilesnew/st/stm32cubeide_1.0.0/stm32cubeide/plugins/com.st.stm32cube.ide.mcu.externaltools.gnu-tools-for-stm32.7-2018-q2-update.win32_1.0.0.201904181610/tools/bin/../lib/gcc/arm-none-eabi/7.3.1/thumb/v7e-m/fpv4-sp/hard/crtn.o
                0x0000000020020000                _estack = (ORIGIN (RAM) + LENGTH (RAM))
                0x0000000000000200                _Min_Heap_Size = 0x200
                0x0000000000000400                _Min_Stack_Size = 0x400

.isr_vector     0x0000000008000000      0x1d8
                0x0000000008000000                . = ALIGN (0x4)
 *(.isr_vector)
 .isr_vector    0x0000000008000000      0x1d8 Core/Startup/startup_stm32g471cetx.o
                0x0000000008000000                g_pfnVectors
                0x00000000080001d8                . = ALIGN (0x4)

.text           0x00000000080001d8     0xba18
                0x00000000080001d8                . = ALIGN (0x4)
 *(.text)
 .text          0x00000000080001d8       0x40 d:/programfilesnew/st/stm32cubeide_1.0.0/stm32cubeide/plugins/com.st.stm32cube.ide.mcu.externaltools.gnu-tools-for-stm32.7-2018-q2-update.win32_1.0.0.201904181610/tools/bin/../lib/gcc/arm-none-eabi/7.3.1/thumb/v7e-m/fpv4-sp/hard/crtbegin.o
 .text          0x0000000008000218       0x30 d:/programfilesnew/st/stm32cubeide_1.0.0/stm32cubeide/plugins/com.st.stm32cube.ide.mcu.externaltools.gnu-tools-for-stm32.7-2018-q2-update.win32_1.0.0.201904181610/tools/bin/../lib/gcc/arm-none-eabi/7.3.1/thumb/v7e-m/fpv4-sp/hard\libgcc.a(_aeabi_uldivmod.o)
                0x0000000008000218                __aeabi_uldivmod
 .text          0x0000000008000248      0x2cc d:/programfilesnew/st/stm32cubeide_1.0.0/stm32cubeide/plugins/com.st.stm32cube.ide.mcu.externaltools.gnu-tools-for-stm32.7-2018-q2-update.win32_1.0.0.201904181610/tools/bin/../lib/gcc/arm-none-eabi/7.3.1/thumb/v7e-m/fpv4-sp/hard\libgcc.a(_udivmoddi4.o)
                0x0000000008000248                __udivmoddi4
 .text          0x0000000008000514        0x4 d:/programfilesnew/st/stm32cubeide_1.0.0/stm32cubeide/plugins/com.st.stm32cube.ide.mcu.externaltools.gnu-tools-for-stm32.7-2018-q2-update.win32_1.0.0.201904181610/tools/bin/../lib/gcc/arm-none-eabi/7.3.1/thumb/v7e-m/fpv4-sp/hard\libgcc.a(_dvmd_tls.o)
                0x0000000008000514                __aeabi_idiv0
                0x0000000008000514                __aeabi_ldiv0
 *(.text*)
 .text.main     0x0000000008000518      0x11c Core/Src/main.o
                0x0000000008000518                main
 .text.SystemClock_Config
                0x0000000008000634       0xe8 Core/Src/main.o
                0x0000000008000634                SystemClock_Config
 .text.MX_ADC1_Init
                0x000000000800071c      0x134 Core/Src/main.o
 .text.MX_ADC2_Init
                0x0000000008000850       0xf0 Core/Src/main.o
 .text.MX_ADC3_Init
                0x0000000008000940      0x138 Core/Src/main.o
 .text.MX_DAC1_Init
                0x0000000008000a78       0x74 Core/Src/main.o
 .text.MX_FDCAN1_Init
                0x0000000008000aec       0x90 Core/Src/main.o
 .text.MX_TIM1_Init
                0x0000000008000b7c      0x164 Core/Src/main.o
 .text.MX_USART3_UART_Init
                0x0000000008000ce0       0x98 Core/Src/main.o
 .text.MX_DMA_Init
                0x0000000008000d78       0x84 Core/Src/main.o
 .text.MX_GPIO_Init
                0x0000000008000dfc       0xe0 Core/Src/main.o
 .text.Error_Handler
                0x0000000008000edc        0xe Core/Src/main.o
                0x0000000008000edc                Error_Handler
 *fill*         0x0000000008000eea        0x2 
 .text.LL_PWR_DisableDeadBatteryPD
                0x0000000008000eec       0x20 Core/Src/stm32g4xx_hal_msp.o
 .text.HAL_MspInit
                0x0000000008000f0c       0x58 Core/Src/stm32g4xx_hal_msp.o
                0x0000000008000f0c                HAL_MspInit
 .text.HAL_ADC_MspInit
                0x0000000008000f64      0x308 Core/Src/stm32g4xx_hal_msp.o
                0x0000000008000f64                HAL_ADC_MspInit
 .text.HAL_DAC_MspInit
                0x000000000800126c       0x7c Core/Src/stm32g4xx_hal_msp.o
                0x000000000800126c                HAL_DAC_MspInit
 .text.HAL_FDCAN_MspInit
                0x00000000080012e8       0x88 Core/Src/stm32g4xx_hal_msp.o
                0x00000000080012e8                HAL_FDCAN_MspInit
 .text.HAL_TIM_Base_MspInit
                0x0000000008001370       0x40 Core/Src/stm32g4xx_hal_msp.o
                0x0000000008001370                HAL_TIM_Base_MspInit
 .text.HAL_TIM_MspPostInit
                0x00000000080013b0       0x70 Core/Src/stm32g4xx_hal_msp.o
                0x00000000080013b0                HAL_TIM_MspPostInit
 .text.HAL_UART_MspInit
                0x0000000008001420       0x88 Core/Src/stm32g4xx_hal_msp.o
                0x0000000008001420                HAL_UART_MspInit
 .text.NMI_Handler
                0x00000000080014a8        0xe Core/Src/stm32g4xx_it.o
                0x00000000080014a8                NMI_Handler
 .text.HardFault_Handler
                0x00000000080014b6        0x6 Core/Src/stm32g4xx_it.o
                0x00000000080014b6                HardFault_Handler
 .text.MemManage_Handler
                0x00000000080014bc        0x6 Core/Src/stm32g4xx_it.o
                0x00000000080014bc                MemManage_Handler
 .text.BusFault_Handler
                0x00000000080014c2        0x6 Core/Src/stm32g4xx_it.o
                0x00000000080014c2                BusFault_Handler
 .text.UsageFault_Handler
                0x00000000080014c8        0x6 Core/Src/stm32g4xx_it.o
                0x00000000080014c8                UsageFault_Handler
 .text.SVC_Handler
                0x00000000080014ce        0xe Core/Src/stm32g4xx_it.o
                0x00000000080014ce                SVC_Handler
 .text.DebugMon_Handler
                0x00000000080014dc        0xe Core/Src/stm32g4xx_it.o
                0x00000000080014dc                DebugMon_Handler
 .text.PendSV_Handler
                0x00000000080014ea        0xe Core/Src/stm32g4xx_it.o
                0x00000000080014ea                PendSV_Handler
 .text.SysTick_Handler
                0x00000000080014f8        0xc Core/Src/stm32g4xx_it.o
                0x00000000080014f8                SysTick_Handler
 .text.DMA1_Channel1_IRQHandler
                0x0000000008001504       0x2c Core/Src/stm32g4xx_it.o
                0x0000000008001504                DMA1_Channel1_IRQHandler
 .text.DMA1_Channel2_IRQHandler
                0x0000000008001530       0x2c Core/Src/stm32g4xx_it.o
                0x0000000008001530                DMA1_Channel2_IRQHandler
 .text.DMA1_Channel3_IRQHandler
                0x000000000800155c       0x54 Core/Src/stm32g4xx_it.o
                0x000000000800155c                DMA1_Channel3_IRQHandler
 .text.USB_LP_IRQHandler
                0x00000000080015b0       0x14 Core/Src/stm32g4xx_it.o
                0x00000000080015b0                USB_LP_IRQHandler
 .text.DMAMUX_OVR_IRQHandler
                0x00000000080015c4       0x1c Core/Src/stm32g4xx_it.o
                0x00000000080015c4                DMAMUX_OVR_IRQHandler
 .text.SystemInit
                0x00000000080015e0       0x2c Core/Src/system_stm32g4xx.o
                0x00000000080015e0                SystemInit
 .text.Reset_Handler
                0x000000000800160c       0x50 Core/Startup/startup_stm32g471cetx.o
                0x000000000800160c                Reset_Handler
 .text.Default_Handler
                0x000000000800165c        0x2 Core/Startup/startup_stm32g471cetx.o
                0x000000000800165c                RTC_Alarm_IRQHandler
                0x000000000800165c                EXTI2_IRQHandler
                0x000000000800165c                TIM8_TRG_COM_IRQHandler
                0x000000000800165c                TIM8_CC_IRQHandler
                0x000000000800165c                SPI4_IRQHandler
                0x000000000800165c                TIM1_CC_IRQHandler
                0x000000000800165c                USB_HP_IRQHandler
                0x000000000800165c                CORDIC_IRQHandler
                0x000000000800165c                DMA2_Channel8_IRQHandler
                0x000000000800165c                EXTI3_IRQHandler
                0x000000000800165c                I2C3_ER_IRQHandler
                0x000000000800165c                EXTI0_IRQHandler
                0x000000000800165c                I2C2_EV_IRQHandler
                0x000000000800165c                FPU_IRQHandler
                0x000000000800165c                TIM1_UP_TIM16_IRQHandler
                0x000000000800165c                ADC1_2_IRQHandler
                0x000000000800165c                SPI1_IRQHandler
                0x000000000800165c                TIM6_DAC_IRQHandler
                0x000000000800165c                TIM8_UP_IRQHandler
                0x000000000800165c                DMA2_Channel2_IRQHandler
                0x000000000800165c                DMA1_Channel4_IRQHandler
                0x000000000800165c                USART3_IRQHandler
                0x000000000800165c                DMA1_Channel7_IRQHandler
                0x000000000800165c                UART5_IRQHandler
                0x000000000800165c                ADC3_IRQHandler
                0x000000000800165c                TIM4_IRQHandler
                0x000000000800165c                DMA2_Channel1_IRQHandler
                0x000000000800165c                QUADSPI_IRQHandler
                0x000000000800165c                I2C1_EV_IRQHandler
                0x000000000800165c                DMA1_Channel6_IRQHandler
                0x000000000800165c                UART4_IRQHandler
                0x000000000800165c                DMA2_Channel4_IRQHandler
                0x000000000800165c                TIM3_IRQHandler
                0x000000000800165c                RCC_IRQHandler
                0x000000000800165c                Default_Handler
                0x000000000800165c                DMA2_Channel7_IRQHandler
                0x000000000800165c                RTC_TAMP_LSECSS_IRQHandler
                0x000000000800165c                FMAC_IRQHandler
                0x000000000800165c                EXTI15_10_IRQHandler
                0x000000000800165c                DMA1_Channel8_IRQHandler
                0x000000000800165c                TIM7_IRQHandler
                0x000000000800165c                TIM5_IRQHandler
                0x000000000800165c                UCPD1_IRQHandler
                0x000000000800165c                I2C3_EV_IRQHandler
                0x000000000800165c                EXTI9_5_IRQHandler
                0x000000000800165c                RTC_WKUP_IRQHandler
                0x000000000800165c                PVD_PVM_IRQHandler
                0x000000000800165c                SPI2_IRQHandler
                0x000000000800165c                DMA2_Channel5_IRQHandler
                0x000000000800165c                CRS_IRQHandler
                0x000000000800165c                DMA1_Channel5_IRQHandler
                0x000000000800165c                EXTI4_IRQHandler
                0x000000000800165c                RNG_IRQHandler
                0x000000000800165c                TIM1_TRG_COM_TIM17_IRQHandler
                0x000000000800165c                WWDG_IRQHandler
                0x000000000800165c                I2C4_EV_IRQHandler
                0x000000000800165c                LPUART1_IRQHandler
                0x000000000800165c                DMA2_Channel6_IRQHandler
                0x000000000800165c                TIM2_IRQHandler
                0x000000000800165c                COMP1_2_3_IRQHandler
                0x000000000800165c                EXTI1_IRQHandler
                0x000000000800165c                USART2_IRQHandler
                0x000000000800165c                I2C2_ER_IRQHandler
                0x000000000800165c                TIM8_BRK_IRQHandler
                0x000000000800165c                FLASH_IRQHandler
                0x000000000800165c                USART1_IRQHandler
                0x000000000800165c                SPI3_IRQHandler
                0x000000000800165c                I2C1_ER_IRQHandler
                0x000000000800165c                LPTIM1_IRQHandler
                0x000000000800165c                I2C4_ER_IRQHandler
                0x000000000800165c                USBWakeUp_IRQHandler
                0x000000000800165c                SAI1_IRQHandler
                0x000000000800165c                DMA2_Channel3_IRQHandler
                0x000000000800165c                COMP4_IRQHandler
                0x000000000800165c                TIM1_BRK_TIM15_IRQHandler
 .text.HAL_Init
                0x000000000800165e       0x30 Drivers/STM32G4xx_HAL_Driver/Src/stm32g4xx_hal.o
                0x000000000800165e                HAL_Init
 *fill*         0x000000000800168e        0x2 
 .text.HAL_InitTick
                0x0000000008001690       0x74 Drivers/STM32G4xx_HAL_Driver/Src/stm32g4xx_hal.o
                0x0000000008001690                HAL_InitTick
 .text.HAL_IncTick
                0x0000000008001704       0x24 Drivers/STM32G4xx_HAL_Driver/Src/stm32g4xx_hal.o
                0x0000000008001704                HAL_IncTick
 .text.HAL_GetTick
                0x0000000008001728       0x18 Drivers/STM32G4xx_HAL_Driver/Src/stm32g4xx_hal.o
                0x0000000008001728                HAL_GetTick
 .text.HAL_Delay
                0x0000000008001740       0x44 Drivers/STM32G4xx_HAL_Driver/Src/stm32g4xx_hal.o
                0x0000000008001740                HAL_Delay
 .text.HAL_SYSCFG_VREFBUF_VoltageScalingConfig
                0x0000000008001784       0x28 Drivers/STM32G4xx_HAL_Driver/Src/stm32g4xx_hal.o
                0x0000000008001784                HAL_SYSCFG_VREFBUF_VoltageScalingConfig
 .text.HAL_SYSCFG_VREFBUF_HighImpedanceConfig
                0x00000000080017ac       0x28 Drivers/STM32G4xx_HAL_Driver/Src/stm32g4xx_hal.o
                0x00000000080017ac                HAL_SYSCFG_VREFBUF_HighImpedanceConfig
 .text.HAL_SYSCFG_EnableVREFBUF
                0x00000000080017d4       0x48 Drivers/STM32G4xx_HAL_Driver/Src/stm32g4xx_hal.o
                0x00000000080017d4                HAL_SYSCFG_EnableVREFBUF
 .text.LL_ADC_SetCommonClock
                0x000000000800181c       0x26 Drivers/STM32G4xx_HAL_Driver/Src/stm32g4xx_hal_adc.o
 .text.LL_ADC_SetCommonPathInternalCh
                0x0000000008001842       0x26 Drivers/STM32G4xx_HAL_Driver/Src/stm32g4xx_hal_adc.o
 .text.LL_ADC_GetCommonPathInternalCh
                0x0000000008001868       0x1c Drivers/STM32G4xx_HAL_Driver/Src/stm32g4xx_hal_adc.o
 .text.LL_ADC_SetOffset
                0x0000000008001884       0x44 Drivers/STM32G4xx_HAL_Driver/Src/stm32g4xx_hal_adc.o
 .text.LL_ADC_GetOffsetChannel
                0x00000000080018c8       0x28 Drivers/STM32G4xx_HAL_Driver/Src/stm32g4xx_hal_adc.o
 .text.LL_ADC_SetOffsetState
                0x00000000080018f0       0x30 Drivers/STM32G4xx_HAL_Driver/Src/stm32g4xx_hal_adc.o
 .text.LL_ADC_SetOffsetSign
                0x0000000008001920       0x30 Drivers/STM32G4xx_HAL_Driver/Src/stm32g4xx_hal_adc.o
 .text.LL_ADC_SetOffsetSaturation
                0x0000000008001950       0x30 Drivers/STM32G4xx_HAL_Driver/Src/stm32g4xx_hal_adc.o
 .text.LL_ADC_SetSamplingTimeCommonConfig
                0x0000000008001980       0x26 Drivers/STM32G4xx_HAL_Driver/Src/stm32g4xx_hal_adc.o
 .text.LL_ADC_REG_IsTriggerSourceSWStart
                0x00000000080019a6       0x26 Drivers/STM32G4xx_HAL_Driver/Src/stm32g4xx_hal_adc.o
 .text.LL_ADC_REG_SetSequencerRanks
                0x00000000080019cc       0x52 Drivers/STM32G4xx_HAL_Driver/Src/stm32g4xx_hal_adc.o
 .text.LL_ADC_SetChannelSamplingTime
                0x0000000008001a1e       0x50 Drivers/STM32G4xx_HAL_Driver/Src/stm32g4xx_hal_adc.o
 *fill*         0x0000000008001a6e        0x2 
 .text.LL_ADC_SetChannelSingleDiff
                0x0000000008001a70       0x48 Drivers/STM32G4xx_HAL_Driver/Src/stm32g4xx_hal_adc.o
 .text.LL_ADC_GetMultimode
                0x0000000008001ab8       0x1c Drivers/STM32G4xx_HAL_Driver/Src/stm32g4xx_hal_adc.o
 .text.LL_ADC_DisableDeepPowerDown
                0x0000000008001ad4       0x24 Drivers/STM32G4xx_HAL_Driver/Src/stm32g4xx_hal_adc.o
 .text.LL_ADC_IsDeepPowerDownEnabled
                0x0000000008001af8       0x28 Drivers/STM32G4xx_HAL_Driver/Src/stm32g4xx_hal_adc.o
 .text.LL_ADC_EnableInternalRegulator
                0x0000000008001b20       0x28 Drivers/STM32G4xx_HAL_Driver/Src/stm32g4xx_hal_adc.o
 .text.LL_ADC_IsInternalRegulatorEnabled
                0x0000000008001b48       0x28 Drivers/STM32G4xx_HAL_Driver/Src/stm32g4xx_hal_adc.o
 .text.LL_ADC_Enable
                0x0000000008001b70       0x28 Drivers/STM32G4xx_HAL_Driver/Src/stm32g4xx_hal_adc.o
 .text.LL_ADC_Disable
                0x0000000008001b98       0x28 Drivers/STM32G4xx_HAL_Driver/Src/stm32g4xx_hal_adc.o
 .text.LL_ADC_IsEnabled
                0x0000000008001bc0       0x26 Drivers/STM32G4xx_HAL_Driver/Src/stm32g4xx_hal_adc.o
 .text.LL_ADC_IsDisableOngoing
                0x0000000008001be6       0x26 Drivers/STM32G4xx_HAL_Driver/Src/stm32g4xx_hal_adc.o
 .text.LL_ADC_REG_StartConversion
                0x0000000008001c0c       0x28 Drivers/STM32G4xx_HAL_Driver/Src/stm32g4xx_hal_adc.o
 .text.LL_ADC_REG_IsConversionOngoing
                0x0000000008001c34       0x26 Drivers/STM32G4xx_HAL_Driver/Src/stm32g4xx_hal_adc.o
 .text.LL_ADC_INJ_IsConversionOngoing
                0x0000000008001c5a       0x26 Drivers/STM32G4xx_HAL_Driver/Src/stm32g4xx_hal_adc.o
 .text.HAL_ADC_Init
                0x0000000008001c80      0x364 Drivers/STM32G4xx_HAL_Driver/Src/stm32g4xx_hal_adc.o
                0x0000000008001c80                HAL_ADC_Init
 .text.HAL_ADC_Start_DMA
                0x0000000008001fe4      0x184 Drivers/STM32G4xx_HAL_Driver/Src/stm32g4xx_hal_adc.o
                0x0000000008001fe4                HAL_ADC_Start_DMA
 .text.HAL_ADC_ConvCpltCallback
                0x0000000008002168       0x14 Drivers/STM32G4xx_HAL_Driver/Src/stm32g4xx_hal_adc.o
                0x0000000008002168                HAL_ADC_ConvCpltCallback
 .text.HAL_ADC_ConvHalfCpltCallback
                0x000000000800217c       0x14 Drivers/STM32G4xx_HAL_Driver/Src/stm32g4xx_hal_adc.o
                0x000000000800217c                HAL_ADC_ConvHalfCpltCallback
 .text.HAL_ADC_ErrorCallback
                0x0000000008002190       0x14 Drivers/STM32G4xx_HAL_Driver/Src/stm32g4xx_hal_adc.o
                0x0000000008002190                HAL_ADC_ErrorCallback
 .text.HAL_ADC_ConfigChannel
                0x00000000080021a4      0x73c Drivers/STM32G4xx_HAL_Driver/Src/stm32g4xx_hal_adc.o
                0x00000000080021a4                HAL_ADC_ConfigChannel
 .text.ADC_Enable
                0x00000000080028e0       0xb4 Drivers/STM32G4xx_HAL_Driver/Src/stm32g4xx_hal_adc.o
                0x00000000080028e0                ADC_Enable
 .text.ADC_Disable
                0x0000000008002994       0xb0 Drivers/STM32G4xx_HAL_Driver/Src/stm32g4xx_hal_adc.o
                0x0000000008002994                ADC_Disable
 .text.ADC_DMAConvCplt
                0x0000000008002a44       0xd8 Drivers/STM32G4xx_HAL_Driver/Src/stm32g4xx_hal_adc.o
                0x0000000008002a44                ADC_DMAConvCplt
 .text.ADC_DMAHalfConvCplt
                0x0000000008002b1c       0x1c Drivers/STM32G4xx_HAL_Driver/Src/stm32g4xx_hal_adc.o
                0x0000000008002b1c                ADC_DMAHalfConvCplt
 .text.ADC_DMAError
                0x0000000008002b38       0x34 Drivers/STM32G4xx_HAL_Driver/Src/stm32g4xx_hal_adc.o
                0x0000000008002b38                ADC_DMAError
 .text.LL_ADC_GetCalibrationFactor
                0x0000000008002b6c       0x30 Drivers/STM32G4xx_HAL_Driver/Src/stm32g4xx_hal_adc_ex.o
 .text.LL_ADC_IsEnabled
                0x0000000008002b9c       0x26 Drivers/STM32G4xx_HAL_Driver/Src/stm32g4xx_hal_adc_ex.o
 .text.LL_ADC_StartCalibration
                0x0000000008002bc2       0x32 Drivers/STM32G4xx_HAL_Driver/Src/stm32g4xx_hal_adc_ex.o
 .text.LL_ADC_IsCalibrationOnGoing
                0x0000000008002bf4       0x28 Drivers/STM32G4xx_HAL_Driver/Src/stm32g4xx_hal_adc_ex.o
 .text.LL_ADC_REG_IsConversionOngoing
                0x0000000008002c1c       0x26 Drivers/STM32G4xx_HAL_Driver/Src/stm32g4xx_hal_adc_ex.o
 *fill*         0x0000000008002c42        0x2 
 .text.HAL_ADCEx_Calibration_Start
                0x0000000008002c44       0xc4 Drivers/STM32G4xx_HAL_Driver/Src/stm32g4xx_hal_adc_ex.o
                0x0000000008002c44                HAL_ADCEx_Calibration_Start
 .text.HAL_ADCEx_Calibration_GetValue
                0x0000000008002d08       0x20 Drivers/STM32G4xx_HAL_Driver/Src/stm32g4xx_hal_adc_ex.o
                0x0000000008002d08                HAL_ADCEx_Calibration_GetValue
 .text.HAL_ADCEx_MultiModeConfigChannel
                0x0000000008002d28      0x1c8 Drivers/STM32G4xx_HAL_Driver/Src/stm32g4xx_hal_adc_ex.o
                0x0000000008002d28                HAL_ADCEx_MultiModeConfigChannel
 .text.__NVIC_SetPriorityGrouping
                0x0000000008002ef0       0x48 Drivers/STM32G4xx_HAL_Driver/Src/stm32g4xx_hal_cortex.o
 .text.__NVIC_GetPriorityGrouping
                0x0000000008002f38       0x1c Drivers/STM32G4xx_HAL_Driver/Src/stm32g4xx_hal_cortex.o
 .text.__NVIC_EnableIRQ
                0x0000000008002f54       0x3c Drivers/STM32G4xx_HAL_Driver/Src/stm32g4xx_hal_cortex.o
 .text.__NVIC_SetPriority
                0x0000000008002f90       0x54 Drivers/STM32G4xx_HAL_Driver/Src/stm32g4xx_hal_cortex.o
 .text.NVIC_EncodePriority
                0x0000000008002fe4       0x66 Drivers/STM32G4xx_HAL_Driver/Src/stm32g4xx_hal_cortex.o
 *fill*         0x000000000800304a        0x2 
 .text.SysTick_Config
                0x000000000800304c       0x44 Drivers/STM32G4xx_HAL_Driver/Src/stm32g4xx_hal_cortex.o
 .text.HAL_NVIC_SetPriorityGrouping
                0x0000000008003090       0x16 Drivers/STM32G4xx_HAL_Driver/Src/stm32g4xx_hal_cortex.o
                0x0000000008003090                HAL_NVIC_SetPriorityGrouping
 .text.HAL_NVIC_SetPriority
                0x00000000080030a6       0x34 Drivers/STM32G4xx_HAL_Driver/Src/stm32g4xx_hal_cortex.o
                0x00000000080030a6                HAL_NVIC_SetPriority
 .text.HAL_NVIC_EnableIRQ
                0x00000000080030da       0x1c Drivers/STM32G4xx_HAL_Driver/Src/stm32g4xx_hal_cortex.o
                0x00000000080030da                HAL_NVIC_EnableIRQ
 .text.HAL_SYSTICK_Config
                0x00000000080030f6       0x18 Drivers/STM32G4xx_HAL_Driver/Src/stm32g4xx_hal_cortex.o
                0x00000000080030f6                HAL_SYSTICK_Config
 .text.HAL_DAC_Init
                0x000000000800310e       0x44 Drivers/STM32G4xx_HAL_Driver/Src/stm32g4xx_hal_dac.o
                0x000000000800310e                HAL_DAC_Init
 *fill*         0x0000000008003152        0x2 
 .text.HAL_DAC_ConfigChannel
                0x0000000008003154      0x358 Drivers/STM32G4xx_HAL_Driver/Src/stm32g4xx_hal_dac.o
                0x0000000008003154                HAL_DAC_ConfigChannel
 .text.HAL_DMA_Init
                0x00000000080034ac      0x150 Drivers/STM32G4xx_HAL_Driver/Src/stm32g4xx_hal_dma.o
                0x00000000080034ac                HAL_DMA_Init
 .text.HAL_DMA_Start_IT
                0x00000000080035fc       0xf6 Drivers/STM32G4xx_HAL_Driver/Src/stm32g4xx_hal_dma.o
                0x00000000080035fc                HAL_DMA_Start_IT
 .text.HAL_DMA_IRQHandler
                0x00000000080036f2      0x15e Drivers/STM32G4xx_HAL_Driver/Src/stm32g4xx_hal_dma.o
                0x00000000080036f2                HAL_DMA_IRQHandler
 .text.DMA_SetConfig
                0x0000000008003850       0x7c Drivers/STM32G4xx_HAL_Driver/Src/stm32g4xx_hal_dma.o
 .text.DMA_CalcDMAMUXChannelBaseAndMask
                0x00000000080038cc       0x7c Drivers/STM32G4xx_HAL_Driver/Src/stm32g4xx_hal_dma.o
 .text.DMA_CalcDMAMUXRequestGenBaseAndMask
                0x0000000008003948       0x48 Drivers/STM32G4xx_HAL_Driver/Src/stm32g4xx_hal_dma.o
 .text.HAL_DMAEx_ConfigMuxSync
                0x0000000008003990       0x7c Drivers/STM32G4xx_HAL_Driver/Src/stm32g4xx_hal_dma_ex.o
                0x0000000008003990                HAL_DMAEx_ConfigMuxSync
 .text.HAL_DMAEx_MUX_IRQHandler
                0x0000000008003a0c       0xa4 Drivers/STM32G4xx_HAL_Driver/Src/stm32g4xx_hal_dma_ex.o
                0x0000000008003a0c                HAL_DMAEx_MUX_IRQHandler
 .text.HAL_FDCAN_Init
                0x0000000008003ab0      0x2b4 Drivers/STM32G4xx_HAL_Driver/Src/stm32g4xx_hal_fdcan.o
                0x0000000008003ab0                HAL_FDCAN_Init
 .text.FDCAN_CalcultateRamBlockAddresses
                0x0000000008003d64       0xc0 Drivers/STM32G4xx_HAL_Driver/Src/stm32g4xx_hal_fdcan.o
 .text.HAL_GPIO_Init
                0x0000000008003e24      0x304 Drivers/STM32G4xx_HAL_Driver/Src/stm32g4xx_hal_gpio.o
                0x0000000008003e24                HAL_GPIO_Init
 .text.HAL_GPIO_WritePin
                0x0000000008004128       0x30 Drivers/STM32G4xx_HAL_Driver/Src/stm32g4xx_hal_gpio.o
                0x0000000008004128                HAL_GPIO_WritePin
 .text.HAL_PCD_Init
                0x0000000008004158      0x176 Drivers/STM32G4xx_HAL_Driver/Src/stm32g4xx_hal_pcd.o
                0x0000000008004158                HAL_PCD_Init
 .text.HAL_PCD_Start
                0x00000000080042ce       0x44 Drivers/STM32G4xx_HAL_Driver/Src/stm32g4xx_hal_pcd.o
                0x00000000080042ce                HAL_PCD_Start
 .text.HAL_PCD_IRQHandler
                0x0000000008004312      0x2b2 Drivers/STM32G4xx_HAL_Driver/Src/stm32g4xx_hal_pcd.o
                0x0000000008004312                HAL_PCD_IRQHandler
 .text.HAL_PCD_SetAddress
                0x00000000080045c4       0x4a Drivers/STM32G4xx_HAL_Driver/Src/stm32g4xx_hal_pcd.o
                0x00000000080045c4                HAL_PCD_SetAddress
 .text.HAL_PCD_EP_Open
                0x000000000800460e       0xc0 Drivers/STM32G4xx_HAL_Driver/Src/stm32g4xx_hal_pcd.o
                0x000000000800460e                HAL_PCD_EP_Open
 .text.HAL_PCD_EP_Close
                0x00000000080046ce       0x84 Drivers/STM32G4xx_HAL_Driver/Src/stm32g4xx_hal_pcd.o
                0x00000000080046ce                HAL_PCD_EP_Close
 .text.HAL_PCD_EP_Receive
                0x0000000008004752       0x74 Drivers/STM32G4xx_HAL_Driver/Src/stm32g4xx_hal_pcd.o
                0x0000000008004752                HAL_PCD_EP_Receive
 .text.HAL_PCD_EP_GetRxCount
                0x00000000080047c6       0x2a Drivers/STM32G4xx_HAL_Driver/Src/stm32g4xx_hal_pcd.o
                0x00000000080047c6                HAL_PCD_EP_GetRxCount
 .text.HAL_PCD_EP_Transmit
                0x00000000080047f0       0x72 Drivers/STM32G4xx_HAL_Driver/Src/stm32g4xx_hal_pcd.o
                0x00000000080047f0                HAL_PCD_EP_Transmit
 .text.HAL_PCD_EP_SetStall
                0x0000000008004862       0xb4 Drivers/STM32G4xx_HAL_Driver/Src/stm32g4xx_hal_pcd.o
                0x0000000008004862                HAL_PCD_EP_SetStall
 .text.HAL_PCD_EP_ClrStall
                0x0000000008004916       0x9c Drivers/STM32G4xx_HAL_Driver/Src/stm32g4xx_hal_pcd.o
                0x0000000008004916                HAL_PCD_EP_ClrStall
 *fill*         0x00000000080049b2        0x2 
 .text.PCD_EP_ISR_Handler
                0x00000000080049b4      0x518 Drivers/STM32G4xx_HAL_Driver/Src/stm32g4xx_hal_pcd.o
 .text.HAL_PCDEx_PMAConfig
                0x0000000008004ecc       0x7a Drivers/STM32G4xx_HAL_Driver/Src/stm32g4xx_hal_pcd_ex.o
                0x0000000008004ecc                HAL_PCDEx_PMAConfig
 .text.HAL_PCDEx_ActivateLPM
                0x0000000008004f46       0x54 Drivers/STM32G4xx_HAL_Driver/Src/stm32g4xx_hal_pcd_ex.o
                0x0000000008004f46                HAL_PCDEx_ActivateLPM
 *fill*         0x0000000008004f9a        0x2 
 .text.HAL_PWREx_ControlVoltageScaling
                0x0000000008004f9c      0x148 Drivers/STM32G4xx_HAL_Driver/Src/stm32g4xx_hal_pwr_ex.o
                0x0000000008004f9c                HAL_PWREx_ControlVoltageScaling
 .text.HAL_RCC_OscConfig
                0x00000000080050e4      0x630 Drivers/STM32G4xx_HAL_Driver/Src/stm32g4xx_hal_rcc.o
                0x00000000080050e4                HAL_RCC_OscConfig
 .text.HAL_RCC_ClockConfig
                0x0000000008005714      0x278 Drivers/STM32G4xx_HAL_Driver/Src/stm32g4xx_hal_rcc.o
                0x0000000008005714                HAL_RCC_ClockConfig
 .text.HAL_RCC_GetSysClockFreq
                0x000000000800598c       0xc4 Drivers/STM32G4xx_HAL_Driver/Src/stm32g4xx_hal_rcc.o
                0x000000000800598c                HAL_RCC_GetSysClockFreq
 .text.HAL_RCC_GetHCLKFreq
                0x0000000008005a50       0x18 Drivers/STM32G4xx_HAL_Driver/Src/stm32g4xx_hal_rcc.o
                0x0000000008005a50                HAL_RCC_GetHCLKFreq
 .text.HAL_RCC_GetPCLK1Freq
                0x0000000008005a68       0x2c Drivers/STM32G4xx_HAL_Driver/Src/stm32g4xx_hal_rcc.o
                0x0000000008005a68                HAL_RCC_GetPCLK1Freq
 .text.HAL_RCC_GetPCLK2Freq
                0x0000000008005a94       0x2c Drivers/STM32G4xx_HAL_Driver/Src/stm32g4xx_hal_rcc.o
                0x0000000008005a94                HAL_RCC_GetPCLK2Freq
 .text.RCC_GetSysClockFreqFromPLLSource
                0x0000000008005ac0       0x8c Drivers/STM32G4xx_HAL_Driver/Src/stm32g4xx_hal_rcc.o
 .text.HAL_RCCEx_PeriphCLKConfig
                0x0000000008005b4c      0x460 Drivers/STM32G4xx_HAL_Driver/Src/stm32g4xx_hal_rcc_ex.o
                0x0000000008005b4c                HAL_RCCEx_PeriphCLKConfig
 .text.HAL_TIM_Base_Init
                0x0000000008005fac       0x56 Drivers/STM32G4xx_HAL_Driver/Src/stm32g4xx_hal_tim.o
                0x0000000008005fac                HAL_TIM_Base_Init
 .text.HAL_TIM_PWM_Init
                0x0000000008006002       0x56 Drivers/STM32G4xx_HAL_Driver/Src/stm32g4xx_hal_tim.o
                0x0000000008006002                HAL_TIM_PWM_Init
 .text.HAL_TIM_PWM_MspInit
                0x0000000008006058       0x14 Drivers/STM32G4xx_HAL_Driver/Src/stm32g4xx_hal_tim.o
                0x0000000008006058                HAL_TIM_PWM_MspInit
 .text.HAL_TIM_PWM_Start
                0x000000000800606c       0xb0 Drivers/STM32G4xx_HAL_Driver/Src/stm32g4xx_hal_tim.o
                0x000000000800606c                HAL_TIM_PWM_Start
 .text.HAL_TIM_PWM_ConfigChannel
                0x000000000800611c      0x230 Drivers/STM32G4xx_HAL_Driver/Src/stm32g4xx_hal_tim.o
                0x000000000800611c                HAL_TIM_PWM_ConfigChannel
 .text.HAL_TIM_ConfigClockSource
                0x000000000800634c      0x1cc Drivers/STM32G4xx_HAL_Driver/Src/stm32g4xx_hal_tim.o
                0x000000000800634c                HAL_TIM_ConfigClockSource
 .text.TIM_Base_SetConfig
                0x0000000008006518      0x134 Drivers/STM32G4xx_HAL_Driver/Src/stm32g4xx_hal_tim.o
                0x0000000008006518                TIM_Base_SetConfig
 .text.TIM_OC1_SetConfig
                0x000000000800664c      0x120 Drivers/STM32G4xx_HAL_Driver/Src/stm32g4xx_hal_tim.o
 .text.TIM_OC2_SetConfig
                0x000000000800676c      0x114 Drivers/STM32G4xx_HAL_Driver/Src/stm32g4xx_hal_tim.o
                0x000000000800676c                TIM_OC2_SetConfig
 .text.TIM_OC3_SetConfig
                0x0000000008006880      0x110 Drivers/STM32G4xx_HAL_Driver/Src/stm32g4xx_hal_tim.o
 .text.TIM_OC4_SetConfig
                0x0000000008006990      0x114 Drivers/STM32G4xx_HAL_Driver/Src/stm32g4xx_hal_tim.o
 .text.TIM_OC5_SetConfig
                0x0000000008006aa4       0xc8 Drivers/STM32G4xx_HAL_Driver/Src/stm32g4xx_hal_tim.o
 .text.TIM_OC6_SetConfig
                0x0000000008006b6c       0xcc Drivers/STM32G4xx_HAL_Driver/Src/stm32g4xx_hal_tim.o
 .text.TIM_TI1_ConfigInputStage
                0x0000000008006c38       0x5e Drivers/STM32G4xx_HAL_Driver/Src/stm32g4xx_hal_tim.o
 .text.TIM_TI2_ConfigInputStage
                0x0000000008006c96       0x60 Drivers/STM32G4xx_HAL_Driver/Src/stm32g4xx_hal_tim.o
 .text.TIM_ITRx_SetConfig
                0x0000000008006cf6       0x3a Drivers/STM32G4xx_HAL_Driver/Src/stm32g4xx_hal_tim.o
 .text.TIM_ETR_SetConfig
                0x0000000008006d30       0x40 Drivers/STM32G4xx_HAL_Driver/Src/stm32g4xx_hal_tim.o
                0x0000000008006d30                TIM_ETR_SetConfig
 .text.TIM_CCxChannelCmd
                0x0000000008006d70       0x4a Drivers/STM32G4xx_HAL_Driver/Src/stm32g4xx_hal_tim.o
                0x0000000008006d70                TIM_CCxChannelCmd
 *fill*         0x0000000008006dba        0x2 
 .text.HAL_TIMEx_MasterConfigSynchronization
                0x0000000008006dbc       0xbc Drivers/STM32G4xx_HAL_Driver/Src/stm32g4xx_hal_tim_ex.o
                0x0000000008006dbc                HAL_TIMEx_MasterConfigSynchronization
 .text.HAL_TIMEx_ConfigBreakDeadTime
                0x0000000008006e78      0x140 Drivers/STM32G4xx_HAL_Driver/Src/stm32g4xx_hal_tim_ex.o
                0x0000000008006e78                HAL_TIMEx_ConfigBreakDeadTime
 .text.HAL_UART_Init
                0x0000000008006fb8       0xa0 Drivers/STM32G4xx_HAL_Driver/Src/stm32g4xx_hal_uart.o
                0x0000000008006fb8                HAL_UART_Init
 .text.UART_SetConfig
                0x0000000008007058     0x13dc Drivers/STM32G4xx_HAL_Driver/Src/stm32g4xx_hal_uart.o
                0x0000000008007058                UART_SetConfig
 .text.UART_AdvFeatureConfig
                0x0000000008008434      0x144 Drivers/STM32G4xx_HAL_Driver/Src/stm32g4xx_hal_uart.o
                0x0000000008008434                UART_AdvFeatureConfig
 .text.UART_CheckIdleState
                0x0000000008008578       0x90 Drivers/STM32G4xx_HAL_Driver/Src/stm32g4xx_hal_uart.o
                0x0000000008008578                UART_CheckIdleState
 .text.UART_WaitOnFlagUntilTimeout
                0x0000000008008608       0x94 Drivers/STM32G4xx_HAL_Driver/Src/stm32g4xx_hal_uart.o
                0x0000000008008608                UART_WaitOnFlagUntilTimeout
 .text.HAL_UARTEx_DisableFifoMode
                0x000000000800869c       0x72 Drivers/STM32G4xx_HAL_Driver/Src/stm32g4xx_hal_uart_ex.o
                0x000000000800869c                HAL_UARTEx_DisableFifoMode
 .text.HAL_UARTEx_SetTxFifoThreshold
                0x000000000800870e       0x7c Drivers/STM32G4xx_HAL_Driver/Src/stm32g4xx_hal_uart_ex.o
                0x000000000800870e                HAL_UARTEx_SetTxFifoThreshold
 .text.HAL_UARTEx_SetRxFifoThreshold
                0x000000000800878a       0x7c Drivers/STM32G4xx_HAL_Driver/Src/stm32g4xx_hal_uart_ex.o
                0x000000000800878a                HAL_UARTEx_SetRxFifoThreshold
 *fill*         0x0000000008008806        0x2 
 .text.UARTEx_SetNbDataToProcess
                0x0000000008008808       0xd0 Drivers/STM32G4xx_HAL_Driver/Src/stm32g4xx_hal_uart_ex.o
 .text.USB_EnableGlobalInt
                0x00000000080088d8       0x30 Drivers/STM32G4xx_HAL_Driver/Src/stm32g4xx_ll_usb.o
                0x00000000080088d8                USB_EnableGlobalInt
 .text.USB_DisableGlobalInt
                0x0000000008008908       0x3a Drivers/STM32G4xx_HAL_Driver/Src/stm32g4xx_ll_usb.o
                0x0000000008008908                USB_DisableGlobalInt
 .text.USB_DevInit
                0x0000000008008942       0x48 Drivers/STM32G4xx_HAL_Driver/Src/stm32g4xx_ll_usb.o
                0x0000000008008942                USB_DevInit
 *fill*         0x000000000800898a        0x2 
 .text.USB_ActivateEndpoint
                0x000000000800898c      0x5e0 Drivers/STM32G4xx_HAL_Driver/Src/stm32g4xx_ll_usb.o
                0x000000000800898c                USB_ActivateEndpoint
 .text.USB_DeactivateEndpoint
                0x0000000008008f6c      0x32c Drivers/STM32G4xx_HAL_Driver/Src/stm32g4xx_ll_usb.o
                0x0000000008008f6c                USB_DeactivateEndpoint
 .text.USB_EPStartXfer
                0x0000000008009298      0x570 Drivers/STM32G4xx_HAL_Driver/Src/stm32g4xx_ll_usb.o
                0x0000000008009298                USB_EPStartXfer
 .text.USB_EPSetStall
                0x0000000008009808       0x84 Drivers/STM32G4xx_HAL_Driver/Src/stm32g4xx_ll_usb.o
                0x0000000008009808                USB_EPSetStall
 .text.USB_EPClearStall
                0x000000000800988c      0x128 Drivers/STM32G4xx_HAL_Driver/Src/stm32g4xx_ll_usb.o
                0x000000000800988c                USB_EPClearStall
 .text.USB_SetDevAddress
                0x00000000080099b4       0x28 Drivers/STM32G4xx_HAL_Driver/Src/stm32g4xx_ll_usb.o
                0x00000000080099b4                USB_SetDevAddress
 .text.USB_DevConnect
                0x00000000080099dc       0x2e Drivers/STM32G4xx_HAL_Driver/Src/stm32g4xx_ll_usb.o
                0x00000000080099dc                USB_DevConnect
 .text.USB_ReadInterrupts
                0x0000000008009a0a       0x20 Drivers/STM32G4xx_HAL_Driver/Src/stm32g4xx_ll_usb.o
                0x0000000008009a0a                USB_ReadInterrupts
 .text.USB_EP0_OutStart
                0x0000000008009a2a       0x18 Drivers/STM32G4xx_HAL_Driver/Src/stm32g4xx_ll_usb.o
                0x0000000008009a2a                USB_EP0_OutStart
 .text.USB_WritePMA
                0x0000000008009a42       0x82 Drivers/STM32G4xx_HAL_Driver/Src/stm32g4xx_ll_usb.o
                0x0000000008009a42                USB_WritePMA
 .text.USB_ReadPMA
                0x0000000008009ac4       0x98 Drivers/STM32G4xx_HAL_Driver/Src/stm32g4xx_ll_usb.o
                0x0000000008009ac4                USB_ReadPMA
 .text.USBD_CDC_Init
                0x0000000008009b5c       0xf4 Middlewares/ST/STM32_USB_Device_Library/Class/CDC/Src/usbd_cdc.o
 .text.USBD_CDC_DeInit
                0x0000000008009c50       0x6e Middlewares/ST/STM32_USB_Device_Library/Class/CDC/Src/usbd_cdc.o
 .text.USBD_CDC_Setup
                0x0000000008009cbe      0x140 Middlewares/ST/STM32_USB_Device_Library/Class/CDC/Src/usbd_cdc.o
 .text.USBD_CDC_DataIn
                0x0000000008009dfe       0xa0 Middlewares/ST/STM32_USB_Device_Library/Class/CDC/Src/usbd_cdc.o
 .text.USBD_CDC_DataOut
                0x0000000008009e9e       0x56 Middlewares/ST/STM32_USB_Device_Library/Class/CDC/Src/usbd_cdc.o
 .text.USBD_CDC_EP0_RxReady
                0x0000000008009ef4       0x50 Middlewares/ST/STM32_USB_Device_Library/Class/CDC/Src/usbd_cdc.o
 .text.USBD_CDC_GetFSCfgDesc
                0x0000000008009f44       0x20 Middlewares/ST/STM32_USB_Device_Library/Class/CDC/Src/usbd_cdc.o
 .text.USBD_CDC_GetHSCfgDesc
                0x0000000008009f64       0x20 Middlewares/ST/STM32_USB_Device_Library/Class/CDC/Src/usbd_cdc.o
 .text.USBD_CDC_GetOtherSpeedCfgDesc
                0x0000000008009f84       0x20 Middlewares/ST/STM32_USB_Device_Library/Class/CDC/Src/usbd_cdc.o
 .text.USBD_CDC_GetDeviceQualifierDescriptor
                0x0000000008009fa4       0x20 Middlewares/ST/STM32_USB_Device_Library/Class/CDC/Src/usbd_cdc.o
                0x0000000008009fa4                USBD_CDC_GetDeviceQualifierDescriptor
 .text.USBD_CDC_RegisterInterface
                0x0000000008009fc4       0x2e Middlewares/ST/STM32_USB_Device_Library/Class/CDC/Src/usbd_cdc.o
                0x0000000008009fc4                USBD_CDC_RegisterInterface
 .text.USBD_CDC_SetTxBuffer
                0x0000000008009ff2       0x34 Middlewares/ST/STM32_USB_Device_Library/Class/CDC/Src/usbd_cdc.o
                0x0000000008009ff2                USBD_CDC_SetTxBuffer
 .text.USBD_CDC_SetRxBuffer
                0x000000000800a026       0x28 Middlewares/ST/STM32_USB_Device_Library/Class/CDC/Src/usbd_cdc.o
                0x000000000800a026                USBD_CDC_SetRxBuffer
 .text.USBD_CDC_ReceivePacket
                0x000000000800a04e       0x54 Middlewares/ST/STM32_USB_Device_Library/Class/CDC/Src/usbd_cdc.o
                0x000000000800a04e                USBD_CDC_ReceivePacket
 .text.USBD_Init
                0x000000000800a0a2       0x56 Middlewares/ST/STM32_USB_Device_Library/Core/Src/usbd_core.o
                0x000000000800a0a2                USBD_Init
 .text.USBD_RegisterClass
                0x000000000800a0f8       0x34 Middlewares/ST/STM32_USB_Device_Library/Core/Src/usbd_core.o
                0x000000000800a0f8                USBD_RegisterClass
 .text.USBD_Start
                0x000000000800a12c       0x18 Middlewares/ST/STM32_USB_Device_Library/Core/Src/usbd_core.o
                0x000000000800a12c                USBD_Start
 .text.USBD_RunTestMode
                0x000000000800a144       0x16 Middlewares/ST/STM32_USB_Device_Library/Core/Src/usbd_core.o
                0x000000000800a144                USBD_RunTestMode
 .text.USBD_SetClassConfig
                0x000000000800a15a       0x3e Middlewares/ST/STM32_USB_Device_Library/Core/Src/usbd_core.o
                0x000000000800a15a                USBD_SetClassConfig
 .text.USBD_ClrClassConfig
                0x000000000800a198       0x26 Middlewares/ST/STM32_USB_Device_Library/Core/Src/usbd_core.o
                0x000000000800a198                USBD_ClrClassConfig
 .text.USBD_LL_SetupStage
                0x000000000800a1be       0x96 Middlewares/ST/STM32_USB_Device_Library/Core/Src/usbd_core.o
                0x000000000800a1be                USBD_LL_SetupStage
 .text.USBD_LL_DataOutStage
                0x000000000800a254       0xe2 Middlewares/ST/STM32_USB_Device_Library/Core/Src/usbd_core.o
                0x000000000800a254                USBD_LL_DataOutStage
 .text.USBD_LL_DataInStage
                0x000000000800a336      0x14a Middlewares/ST/STM32_USB_Device_Library/Core/Src/usbd_core.o
                0x000000000800a336                USBD_LL_DataInStage
 .text.USBD_LL_Reset
                0x000000000800a480       0x82 Middlewares/ST/STM32_USB_Device_Library/Core/Src/usbd_core.o
                0x000000000800a480                USBD_LL_Reset
 .text.USBD_LL_SetSpeed
                0x000000000800a502       0x20 Middlewares/ST/STM32_USB_Device_Library/Core/Src/usbd_core.o
                0x000000000800a502                USBD_LL_SetSpeed
 .text.USBD_LL_Suspend
                0x000000000800a522       0x2a Middlewares/ST/STM32_USB_Device_Library/Core/Src/usbd_core.o
                0x000000000800a522                USBD_LL_Suspend
 .text.USBD_LL_Resume
                0x000000000800a54c       0x2c Middlewares/ST/STM32_USB_Device_Library/Core/Src/usbd_core.o
                0x000000000800a54c                USBD_LL_Resume
 .text.USBD_LL_SOF
                0x000000000800a578       0x34 Middlewares/ST/STM32_USB_Device_Library/Core/Src/usbd_core.o
                0x000000000800a578                USBD_LL_SOF
 .text.USBD_StdDevReq
                0x000000000800a5ac       0xd4 Middlewares/ST/STM32_USB_Device_Library/Core/Src/usbd_ctlreq.o
                0x000000000800a5ac                USBD_StdDevReq
 .text.USBD_StdItfReq
                0x000000000800a680       0x8c Middlewares/ST/STM32_USB_Device_Library/Core/Src/usbd_ctlreq.o
                0x000000000800a680                USBD_StdItfReq
 .text.USBD_StdEPReq
                0x000000000800a70c      0x2ba Middlewares/ST/STM32_USB_Device_Library/Core/Src/usbd_ctlreq.o
                0x000000000800a70c                USBD_StdEPReq
 *fill*         0x000000000800a9c6        0x2 
 .text.USBD_GetDescriptor
                0x000000000800a9c8      0x324 Middlewares/ST/STM32_USB_Device_Library/Core/Src/usbd_ctlreq.o
 .text.USBD_SetAddress
                0x000000000800acec       0x84 Middlewares/ST/STM32_USB_Device_Library/Core/Src/usbd_ctlreq.o
 .text.USBD_SetConfig
                0x000000000800ad70      0x11c Middlewares/ST/STM32_USB_Device_Library/Core/Src/usbd_ctlreq.o
 .text.USBD_GetConfig
                0x000000000800ae8c       0x68 Middlewares/ST/STM32_USB_Device_Library/Core/Src/usbd_ctlreq.o
 .text.USBD_GetStatus
                0x000000000800aef4       0x66 Middlewares/ST/STM32_USB_Device_Library/Core/Src/usbd_ctlreq.o
 .text.USBD_SetFeature
                0x000000000800af5a       0x28 Middlewares/ST/STM32_USB_Device_Library/Core/Src/usbd_ctlreq.o
 .text.USBD_ClrFeature
                0x000000000800af82       0x42 Middlewares/ST/STM32_USB_Device_Library/Core/Src/usbd_ctlreq.o
 .text.USBD_ParseSetupRequest
                0x000000000800afc4       0x7a Middlewares/ST/STM32_USB_Device_Library/Core/Src/usbd_ctlreq.o
                0x000000000800afc4                USBD_ParseSetupRequest
 .text.USBD_CtlError
                0x000000000800b03e       0x22 Middlewares/ST/STM32_USB_Device_Library/Core/Src/usbd_ctlreq.o
                0x000000000800b03e                USBD_CtlError
 .text.USBD_GetString
                0x000000000800b060       0x84 Middlewares/ST/STM32_USB_Device_Library/Core/Src/usbd_ctlreq.o
                0x000000000800b060                USBD_GetString
 .text.USBD_GetLen
                0x000000000800b0e4       0x30 Middlewares/ST/STM32_USB_Device_Library/Core/Src/usbd_ctlreq.o
 .text.USBD_CtlSendData
                0x000000000800b114       0x38 Middlewares/ST/STM32_USB_Device_Library/Core/Src/usbd_ioreq.o
                0x000000000800b114                USBD_CtlSendData
 .text.USBD_CtlContinueSendData
                0x000000000800b14c       0x24 Middlewares/ST/STM32_USB_Device_Library/Core/Src/usbd_ioreq.o
                0x000000000800b14c                USBD_CtlContinueSendData
 .text.USBD_CtlPrepareRx
                0x000000000800b170       0x3c Middlewares/ST/STM32_USB_Device_Library/Core/Src/usbd_ioreq.o
                0x000000000800b170                USBD_CtlPrepareRx
 .text.USBD_CtlContinueRx
                0x000000000800b1ac       0x24 Middlewares/ST/STM32_USB_Device_Library/Core/Src/usbd_ioreq.o
                0x000000000800b1ac                USBD_CtlContinueRx
 .text.USBD_CtlSendStatus
                0x000000000800b1d0       0x26 Middlewares/ST/STM32_USB_Device_Library/Core/Src/usbd_ioreq.o
                0x000000000800b1d0                USBD_CtlSendStatus
 .text.USBD_CtlReceiveStatus
                0x000000000800b1f6       0x26 Middlewares/ST/STM32_USB_Device_Library/Core/Src/usbd_ioreq.o
                0x000000000800b1f6                USBD_CtlReceiveStatus
 .text.MX_USB_Device_Init
                0x000000000800b21c       0x60 USB_Device/App/usb_device.o
                0x000000000800b21c                MX_USB_Device_Init
 .text.CDC_Init_FS
                0x000000000800b27c       0x28 USB_Device/App/usbd_cdc_if.o
 .text.CDC_DeInit_FS
                0x000000000800b2a4       0x10 USB_Device/App/usbd_cdc_if.o
 .text.CDC_Control_FS
                0x000000000800b2b4       0xbc USB_Device/App/usbd_cdc_if.o
 .text.CDC_Receive_FS
                0x000000000800b370       0x28 USB_Device/App/usbd_cdc_if.o
 .text.USBD_CDC_DeviceDescriptor
                0x000000000800b398       0x24 USB_Device/App/usbd_desc.o
                0x000000000800b398                USBD_CDC_DeviceDescriptor
 .text.USBD_CDC_LangIDStrDescriptor
                0x000000000800b3bc       0x24 USB_Device/App/usbd_desc.o
                0x000000000800b3bc                USBD_CDC_LangIDStrDescriptor
 .text.USBD_CDC_ProductStrDescriptor
                0x000000000800b3e0       0x3c USB_Device/App/usbd_desc.o
                0x000000000800b3e0                USBD_CDC_ProductStrDescriptor
 .text.USBD_CDC_ManufacturerStrDescriptor
                0x000000000800b41c       0x28 USB_Device/App/usbd_desc.o
                0x000000000800b41c                USBD_CDC_ManufacturerStrDescriptor
 .text.USBD_CDC_SerialStrDescriptor
                0x000000000800b444       0x24 USB_Device/App/usbd_desc.o
                0x000000000800b444                USBD_CDC_SerialStrDescriptor
 .text.USBD_CDC_ConfigStrDescriptor
                0x000000000800b468       0x3c USB_Device/App/usbd_desc.o
                0x000000000800b468                USBD_CDC_ConfigStrDescriptor
 .text.USBD_CDC_InterfaceStrDescriptor
                0x000000000800b4a4       0x3c USB_Device/App/usbd_desc.o
                0x000000000800b4a4                USBD_CDC_InterfaceStrDescriptor
 .text.Get_SerialNum
                0x000000000800b4e0       0x58 USB_Device/App/usbd_desc.o
 .text.IntToUnicode
                0x000000000800b538       0x7c USB_Device/App/usbd_desc.o
 .text.HAL_PCD_MspInit
                0x000000000800b5b4       0x4c USB_Device/Target/usbd_conf.o
                0x000000000800b5b4                HAL_PCD_MspInit
 .text.HAL_PCD_SetupStageCallback
                0x000000000800b600       0x24 USB_Device/Target/usbd_conf.o
                0x000000000800b600                HAL_PCD_SetupStageCallback
 .text.HAL_PCD_DataOutStageCallback
                0x000000000800b624       0x30 USB_Device/Target/usbd_conf.o
                0x000000000800b624                HAL_PCD_DataOutStageCallback
 .text.HAL_PCD_DataInStageCallback
                0x000000000800b654       0x2e USB_Device/Target/usbd_conf.o
                0x000000000800b654                HAL_PCD_DataInStageCallback
 .text.HAL_PCD_SOFCallback
                0x000000000800b682       0x1c USB_Device/Target/usbd_conf.o
                0x000000000800b682                HAL_PCD_SOFCallback
 .text.HAL_PCD_ResetCallback
                0x000000000800b69e       0x3c USB_Device/Target/usbd_conf.o
                0x000000000800b69e                HAL_PCD_ResetCallback
 *fill*         0x000000000800b6da        0x2 
 .text.HAL_PCD_SuspendCallback
                0x000000000800b6dc       0x34 USB_Device/Target/usbd_conf.o
                0x000000000800b6dc                HAL_PCD_SuspendCallback
 .text.HAL_PCD_ResumeCallback
                0x000000000800b710       0x38 USB_Device/Target/usbd_conf.o
                0x000000000800b710                HAL_PCD_ResumeCallback
 .text.USBD_LL_Init
                0x000000000800b748       0xc0 USB_Device/Target/usbd_conf.o
                0x000000000800b748                USBD_LL_Init
 .text.USBD_LL_Start
                0x000000000800b808       0x36 USB_Device/Target/usbd_conf.o
                0x000000000800b808                USBD_LL_Start
 .text.USBD_LL_OpenEP
                0x000000000800b83e       0x4c USB_Device/Target/usbd_conf.o
                0x000000000800b83e                USBD_LL_OpenEP
 .text.USBD_LL_CloseEP
                0x000000000800b88a       0x3e USB_Device/Target/usbd_conf.o
                0x000000000800b88a                USBD_LL_CloseEP
 .text.USBD_LL_StallEP
                0x000000000800b8c8       0x3e USB_Device/Target/usbd_conf.o
                0x000000000800b8c8                USBD_LL_StallEP
 .text.USBD_LL_ClearStallEP
                0x000000000800b906       0x3e USB_Device/Target/usbd_conf.o
                0x000000000800b906                USBD_LL_ClearStallEP
 .text.USBD_LL_IsStallEP
                0x000000000800b944       0x4c USB_Device/Target/usbd_conf.o
                0x000000000800b944                USBD_LL_IsStallEP
 .text.USBD_LL_SetUSBAddress
                0x000000000800b990       0x3e USB_Device/Target/usbd_conf.o
                0x000000000800b990                USBD_LL_SetUSBAddress
 .text.USBD_LL_Transmit
                0x000000000800b9ce       0x46 USB_Device/Target/usbd_conf.o
                0x000000000800b9ce                USBD_LL_Transmit
 .text.USBD_LL_PrepareReceive
                0x000000000800ba14       0x46 USB_Device/Target/usbd_conf.o
                0x000000000800ba14                USBD_LL_PrepareReceive
 .text.USBD_LL_GetRxDataSize
                0x000000000800ba5a       0x26 USB_Device/Target/usbd_conf.o
                0x000000000800ba5a                USBD_LL_GetRxDataSize
 .text.HAL_PCDEx_LPM_Callback
                0x000000000800ba80       0x6c USB_Device/Target/usbd_conf.o
                0x000000000800ba80                HAL_PCDEx_LPM_Callback
 .text.USBD_static_malloc
                0x000000000800baec       0x1c USB_Device/Target/usbd_conf.o
                0x000000000800baec                USBD_static_malloc
 .text.USBD_static_free
                0x000000000800bb08       0x14 USB_Device/Target/usbd_conf.o
                0x000000000800bb08                USBD_static_free
 .text.SystemClockConfig_Resume
                0x000000000800bb1c        0xc USB_Device/Target/usbd_conf.o
 .text.USBD_Get_USB_Status
                0x000000000800bb28       0x58 USB_Device/Target/usbd_conf.o
 .text.__libc_init_array
                0x000000000800bb80       0x48 d:/programfilesnew/st/stm32cubeide_1.0.0/stm32cubeide/plugins/com.st.stm32cube.ide.mcu.externaltools.gnu-tools-for-stm32.7-2018-q2-update.win32_1.0.0.201904181610/tools/bin/../lib/gcc/arm-none-eabi/7.3.1/../../../../arm-none-eabi/lib/thumb/v7e-m/fpv4-sp/hard\libc_nano.a(lib_a-init.o)
                0x000000000800bb80                __libc_init_array
 .text.memset   0x000000000800bbc8       0x10 d:/programfilesnew/st/stm32cubeide_1.0.0/stm32cubeide/plugins/com.st.stm32cube.ide.mcu.externaltools.gnu-tools-for-stm32.7-2018-q2-update.win32_1.0.0.201904181610/tools/bin/../lib/gcc/arm-none-eabi/7.3.1/../../../../arm-none-eabi/lib/thumb/v7e-m/fpv4-sp/hard\libc_nano.a(lib_a-memset.o)
                0x000000000800bbc8                memset
 *(.glue_7)
 .glue_7        0x000000000800bbd8        0x0 linker stubs
 *(.glue_7t)
 .glue_7t       0x000000000800bbd8        0x0 linker stubs
 *(.eh_frame)
 .eh_frame      0x000000000800bbd8        0x0 d:/programfilesnew/st/stm32cubeide_1.0.0/stm32cubeide/plugins/com.st.stm32cube.ide.mcu.externaltools.gnu-tools-for-stm32.7-2018-q2-update.win32_1.0.0.201904181610/tools/bin/../lib/gcc/arm-none-eabi/7.3.1/thumb/v7e-m/fpv4-sp/hard/crtbegin.o
 *(.init)
 .init          0x000000000800bbd8        0x4 d:/programfilesnew/st/stm32cubeide_1.0.0/stm32cubeide/plugins/com.st.stm32cube.ide.mcu.externaltools.gnu-tools-for-stm32.7-2018-q2-update.win32_1.0.0.201904181610/tools/bin/../lib/gcc/arm-none-eabi/7.3.1/thumb/v7e-m/fpv4-sp/hard/crti.o
                0x000000000800bbd8                _init
 .init          0x000000000800bbdc        0x8 d:/programfilesnew/st/stm32cubeide_1.0.0/stm32cubeide/plugins/com.st.stm32cube.ide.mcu.externaltools.gnu-tools-for-stm32.7-2018-q2-update.win32_1.0.0.201904181610/tools/bin/../lib/gcc/arm-none-eabi/7.3.1/thumb/v7e-m/fpv4-sp/hard/crtn.o
 *(.fini)
 .fini          0x000000000800bbe4        0x4 d:/programfilesnew/st/stm32cubeide_1.0.0/stm32cubeide/plugins/com.st.stm32cube.ide.mcu.externaltools.gnu-tools-for-stm32.7-2018-q2-update.win32_1.0.0.201904181610/tools/bin/../lib/gcc/arm-none-eabi/7.3.1/thumb/v7e-m/fpv4-sp/hard/crti.o
                0x000000000800bbe4                _fini
 .fini          0x000000000800bbe8        0x8 d:/programfilesnew/st/stm32cubeide_1.0.0/stm32cubeide/plugins/com.st.stm32cube.ide.mcu.externaltools.gnu-tools-for-stm32.7-2018-q2-update.win32_1.0.0.201904181610/tools/bin/../lib/gcc/arm-none-eabi/7.3.1/thumb/v7e-m/fpv4-sp/hard/crtn.o
                0x000000000800bbf0                . = ALIGN (0x4)
                0x000000000800bbf0                _etext = .

.vfp11_veneer   0x000000000800bbf0        0x0
 .vfp11_veneer  0x000000000800bbf0        0x0 linker stubs

.v4_bx          0x000000000800bbf0        0x0
 .v4_bx         0x000000000800bbf0        0x0 linker stubs

.iplt           0x000000000800bbf0        0x0
 .iplt          0x000000000800bbf0        0x0 d:/programfilesnew/st/stm32cubeide_1.0.0/stm32cubeide/plugins/com.st.stm32cube.ide.mcu.externaltools.gnu-tools-for-stm32.7-2018-q2-update.win32_1.0.0.201904181610/tools/bin/../lib/gcc/arm-none-eabi/7.3.1/thumb/v7e-m/fpv4-sp/hard/crtbegin.o

.rodata         0x000000000800bbf0       0x70
                0x000000000800bbf0                . = ALIGN (0x4)
 *(.rodata)
 .rodata        0x000000000800bbf0       0x10 Drivers/STM32G4xx_HAL_Driver/Src/stm32g4xx_hal_uart_ex.o
 .rodata        0x000000000800bc00       0x46 USB_Device/App/usbd_desc.o
 *(.rodata*)
 *fill*         0x000000000800bc46        0x2 
 .rodata.AHBPrescTable
                0x000000000800bc48       0x10 Core/Src/system_stm32g4xx.o
                0x000000000800bc48                AHBPrescTable
 .rodata.APBPrescTable
                0x000000000800bc58        0x8 Core/Src/system_stm32g4xx.o
                0x000000000800bc58                APBPrescTable
                0x000000000800bc60                . = ALIGN (0x4)

.ARM.extab      0x000000000800bc60        0x0
                0x000000000800bc60                . = ALIGN (0x4)
 *(.ARM.extab* .gnu.linkonce.armextab.*)
                0x000000000800bc60                . = ALIGN (0x4)

.ARM            0x000000000800bc60        0x8
                0x000000000800bc60                . = ALIGN (0x4)
                0x000000000800bc60                __exidx_start = .
 *(.ARM.exidx*)
 .ARM.exidx     0x000000000800bc60        0x8 d:/programfilesnew/st/stm32cubeide_1.0.0/stm32cubeide/plugins/com.st.stm32cube.ide.mcu.externaltools.gnu-tools-for-stm32.7-2018-q2-update.win32_1.0.0.201904181610/tools/bin/../lib/gcc/arm-none-eabi/7.3.1/thumb/v7e-m/fpv4-sp/hard\libgcc.a(_udivmoddi4.o)
                0x000000000800bc68                __exidx_end = .
                0x000000000800bc68                . = ALIGN (0x4)

.rel.dyn        0x000000000800bc68        0x0
 .rel.iplt      0x000000000800bc68        0x0 d:/programfilesnew/st/stm32cubeide_1.0.0/stm32cubeide/plugins/com.st.stm32cube.ide.mcu.externaltools.gnu-tools-for-stm32.7-2018-q2-update.win32_1.0.0.201904181610/tools/bin/../lib/gcc/arm-none-eabi/7.3.1/thumb/v7e-m/fpv4-sp/hard/crtbegin.o

.preinit_array  0x000000000800bc68        0x0
                0x000000000800bc68                . = ALIGN (0x4)
                0x000000000800bc68                PROVIDE (__preinit_array_start = .)
 *(.preinit_array*)
                0x000000000800bc68                PROVIDE (__preinit_array_end = .)
                0x000000000800bc68                . = ALIGN (0x4)

.init_array     0x000000000800bc68        0x4
                0x000000000800bc68                . = ALIGN (0x4)
                0x000000000800bc68                PROVIDE (__init_array_start = .)
 *(SORT_BY_NAME(.init_array.*))
 *(.init_array*)
 .init_array    0x000000000800bc68        0x4 d:/programfilesnew/st/stm32cubeide_1.0.0/stm32cubeide/plugins/com.st.stm32cube.ide.mcu.externaltools.gnu-tools-for-stm32.7-2018-q2-update.win32_1.0.0.201904181610/tools/bin/../lib/gcc/arm-none-eabi/7.3.1/thumb/v7e-m/fpv4-sp/hard/crtbegin.o
                0x000000000800bc6c                PROVIDE (__init_array_end = .)
                0x000000000800bc6c                . = ALIGN (0x4)

.fini_array     0x000000000800bc6c        0x4
                0x000000000800bc6c                . = ALIGN (0x4)
                [!provide]                        PROVIDE (__fini_array_start = .)
 *(SORT_BY_NAME(.fini_array.*))
 *(.fini_array*)
 .fini_array    0x000000000800bc6c        0x4 d:/programfilesnew/st/stm32cubeide_1.0.0/stm32cubeide/plugins/com.st.stm32cube.ide.mcu.externaltools.gnu-tools-for-stm32.7-2018-q2-update.win32_1.0.0.201904181610/tools/bin/../lib/gcc/arm-none-eabi/7.3.1/thumb/v7e-m/fpv4-sp/hard/crtbegin.o
                [!provide]                        PROVIDE (__fini_array_end = .)
                0x000000000800bc70                . = ALIGN (0x4)
                0x000000000800bc70                _sidata = LOADADDR (.data)

.data           0x0000000020000000      0x180 load address 0x000000000800bc70
                0x0000000020000000                . = ALIGN (0x4)
                0x0000000020000000                _sdata = .
 *(.data)
 *(.data*)
 .data.SystemCoreClock
                0x0000000020000000        0x4 Core/Src/system_stm32g4xx.o
                0x0000000020000000                SystemCoreClock
 .data.uwTickPrio
                0x0000000020000004        0x4 Drivers/STM32G4xx_HAL_Driver/Src/stm32g4xx_hal.o
                0x0000000020000004                uwTickPrio
 .data.uwTickFreq
                0x0000000020000008        0x4 Drivers/STM32G4xx_HAL_Driver/Src/stm32g4xx_hal.o
                0x0000000020000008                uwTickFreq
 .data.USBD_CDC_DeviceQualifierDesc
                0x000000002000000c        0xa Middlewares/ST/STM32_USB_Device_Library/Class/CDC/Src/usbd_cdc.o
 *fill*         0x0000000020000016        0x2 
 .data.USBD_CDC
                0x0000000020000018       0x38 Middlewares/ST/STM32_USB_Device_Library/Class/CDC/Src/usbd_cdc.o
                0x0000000020000018                USBD_CDC
 .data.USBD_CDC_CfgHSDesc
                0x0000000020000050       0x43 Middlewares/ST/STM32_USB_Device_Library/Class/CDC/Src/usbd_cdc.o
                0x0000000020000050                USBD_CDC_CfgHSDesc
 *fill*         0x0000000020000093        0x1 
 .data.USBD_CDC_CfgFSDesc
                0x0000000020000094       0x43 Middlewares/ST/STM32_USB_Device_Library/Class/CDC/Src/usbd_cdc.o
                0x0000000020000094                USBD_CDC_CfgFSDesc
 *fill*         0x00000000200000d7        0x1 
 .data.USBD_CDC_OtherSpeedCfgDesc
                0x00000000200000d8       0x43 Middlewares/ST/STM32_USB_Device_Library/Class/CDC/Src/usbd_cdc.o
                0x00000000200000d8                USBD_CDC_OtherSpeedCfgDesc
 *fill*         0x000000002000011b        0x1 
 .data.USBD_Interface_fops_FS
                0x000000002000011c       0x10 USB_Device/App/usbd_cdc_if.o
                0x000000002000011c                USBD_Interface_fops_FS
 .data.CDC_Desc
                0x000000002000012c       0x20 USB_Device/App/usbd_desc.o
                0x000000002000012c                CDC_Desc
 .data.USBD_CDC_DeviceDesc
                0x000000002000014c       0x12 USB_Device/App/usbd_desc.o
                0x000000002000014c                USBD_CDC_DeviceDesc
 *fill*         0x000000002000015e        0x2 
 .data.USBD_LangIDDesc
                0x0000000020000160        0x4 USB_Device/App/usbd_desc.o
                0x0000000020000160                USBD_LangIDDesc
 .data.USBD_StringSerial
                0x0000000020000164       0x1a USB_Device/App/usbd_desc.o
                0x0000000020000164                USBD_StringSerial
                0x0000000020000180                . = ALIGN (0x4)
 *fill*         0x000000002000017e        0x2 
                0x0000000020000180                _edata = .

.igot.plt       0x0000000020000180        0x0 load address 0x000000000800bdf0
 .igot.plt      0x0000000020000180        0x0 d:/programfilesnew/st/stm32cubeide_1.0.0/stm32cubeide/plugins/com.st.stm32cube.ide.mcu.externaltools.gnu-tools-for-stm32.7-2018-q2-update.win32_1.0.0.201904181610/tools/bin/../lib/gcc/arm-none-eabi/7.3.1/thumb/v7e-m/fpv4-sp/hard/crtbegin.o
                0x0000000020000180                . = ALIGN (0x4)

.bss            0x0000000020000180     0x1d70 load address 0x000000000800bdf0
                0x0000000020000180                _sbss = .
                0x0000000020000180                __bss_start__ = _sbss
 *(.bss)
 .bss           0x0000000020000180       0x1c d:/programfilesnew/st/stm32cubeide_1.0.0/stm32cubeide/plugins/com.st.stm32cube.ide.mcu.externaltools.gnu-tools-for-stm32.7-2018-q2-update.win32_1.0.0.201904181610/tools/bin/../lib/gcc/arm-none-eabi/7.3.1/thumb/v7e-m/fpv4-sp/hard/crtbegin.o
 *(.bss*)
 .bss.cal1.12034
                0x000000002000019c        0x4 Core/Src/main.o
 .bss.cal2.12035
                0x00000000200001a0        0x4 Core/Src/main.o
 .bss.cal3.12036
                0x00000000200001a4        0x4 Core/Src/main.o
 .bss.HAL_RCC_ADC12_CLK_ENABLED
                0x00000000200001a8        0x4 Core/Src/stm32g4xx_hal_msp.o
 .bss.cfgidx.11977
                0x00000000200001ac        0x1 Middlewares/ST/STM32_USB_Device_Library/Core/Src/usbd_ctlreq.o
 *fill*         0x00000000200001ad        0x3 
 .bss.mem.12052
                0x00000000200001b0      0x220 USB_Device/Target/usbd_conf.o
 *(COMMON)
 COMMON         0x00000000200003d0      0x3cc Core/Src/main.o
                0x00000000200003d0                adc3_data
                0x00000000200003dc                hdac1
                0x00000000200003f0                huart3
                0x000000002000047c                hadc2
                0x00000000200004e8                adc2_data
                0x00000000200004f4                hdma_adc3
                0x0000000020000554                hadc1
                0x00000000200005c0                hadc3
                0x000000002000062c                adc1_data
                0x0000000020000638                hdma_adc1
                0x0000000020000698                hfdcan1
                0x00000000200006fc                htim1
                0x000000002000073c                hdma_adc2
 COMMON         0x000000002000079c       0x15 Core/Src/stm32g4xx_it.o
                0x000000002000079c                i3
                0x00000000200007a0                adc3_ready
                0x00000000200007a4                i2
                0x00000000200007a8                adc1_ready
                0x00000000200007ac                i1
                0x00000000200007b0                adc2_ready
 *fill*         0x00000000200007b1        0x3 
 COMMON         0x00000000200007b4        0x4 Drivers/STM32G4xx_HAL_Driver/Src/stm32g4xx_hal.o
                0x00000000200007b4                uwTick
 COMMON         0x00000000200007b8      0x2c4 USB_Device/App/usb_device.o
                0x00000000200007b8                hUsbDeviceFS
 COMMON         0x0000000020000a7c     0x1000 USB_Device/App/usbd_cdc_if.o
                0x0000000020000a7c                UserRxBufferFS
                0x000000002000127c                UserTxBufferFS
 COMMON         0x0000000020001a7c      0x200 USB_Device/App/usbd_desc.o
                0x0000000020001a7c                USBD_StrDesc
 COMMON         0x0000000020001c7c      0x274 USB_Device/Target/usbd_conf.o
                0x0000000020001c7c                hpcd_USB_FS
                0x0000000020001ef0                . = ALIGN (0x4)
                0x0000000020001ef0                _ebss = .
                0x0000000020001ef0                __bss_end__ = _ebss

._user_heap_stack
                0x0000000020001ef0      0x600 load address 0x000000000800bdf0
                0x0000000020001ef0                . = ALIGN (0x8)
                0x0000000020001ef0                PROVIDE (end = .)
                [!provide]                        PROVIDE (_end = .)
                0x00000000200020f0                . = (. + _Min_Heap_Size)
 *fill*         0x0000000020001ef0      0x200 
                0x00000000200024f0                . = (. + _Min_Stack_Size)
 *fill*         0x00000000200020f0      0x400 
                0x00000000200024f0                . = ALIGN (0x8)

/DISCARD/
 libc.a(*)
 libm.a(*)
 libgcc.a(*)

.ARM.attributes
                0x0000000000000000       0x30
 *(.ARM.attributes)
 .ARM.attributes
                0x0000000000000000       0x22 d:/programfilesnew/st/stm32cubeide_1.0.0/stm32cubeide/plugins/com.st.stm32cube.ide.mcu.externaltools.gnu-tools-for-stm32.7-2018-q2-update.win32_1.0.0.201904181610/tools/bin/../lib/gcc/arm-none-eabi/7.3.1/thumb/v7e-m/fpv4-sp/hard/crti.o
 .ARM.attributes
                0x0000000000000022       0x34 d:/programfilesnew/st/stm32cubeide_1.0.0/stm32cubeide/plugins/com.st.stm32cube.ide.mcu.externaltools.gnu-tools-for-stm32.7-2018-q2-update.win32_1.0.0.201904181610/tools/bin/../lib/gcc/arm-none-eabi/7.3.1/thumb/v7e-m/fpv4-sp/hard/crtbegin.o
 .ARM.attributes
                0x0000000000000056       0x39 Core/Src/main.o
 .ARM.attributes
                0x000000000000008f       0x39 Core/Src/stm32g4xx_hal_msp.o
 .ARM.attributes
                0x00000000000000c8       0x39 Core/Src/stm32g4xx_it.o
 .ARM.attributes
                0x0000000000000101       0x39 Core/Src/system_stm32g4xx.o
 .ARM.attributes
                0x000000000000013a       0x21 Core/Startup/startup_stm32g471cetx.o
 .ARM.attributes
                0x000000000000015b       0x39 Drivers/STM32G4xx_HAL_Driver/Src/stm32g4xx_hal.o
 .ARM.attributes
                0x0000000000000194       0x39 Drivers/STM32G4xx_HAL_Driver/Src/stm32g4xx_hal_adc.o
 .ARM.attributes
                0x00000000000001cd       0x39 Drivers/STM32G4xx_HAL_Driver/Src/stm32g4xx_hal_adc_ex.o
 .ARM.attributes
                0x0000000000000206       0x39 Drivers/STM32G4xx_HAL_Driver/Src/stm32g4xx_hal_cortex.o
 .ARM.attributes
                0x000000000000023f       0x39 Drivers/STM32G4xx_HAL_Driver/Src/stm32g4xx_hal_dac.o
 .ARM.attributes
                0x0000000000000278       0x39 Drivers/STM32G4xx_HAL_Driver/Src/stm32g4xx_hal_dma.o
 .ARM.attributes
                0x00000000000002b1       0x39 Drivers/STM32G4xx_HAL_Driver/Src/stm32g4xx_hal_dma_ex.o
 .ARM.attributes
                0x00000000000002ea       0x39 Drivers/STM32G4xx_HAL_Driver/Src/stm32g4xx_hal_fdcan.o
 .ARM.attributes
                0x0000000000000323       0x39 Drivers/STM32G4xx_HAL_Driver/Src/stm32g4xx_hal_gpio.o
 .ARM.attributes
                0x000000000000035c       0x39 Drivers/STM32G4xx_HAL_Driver/Src/stm32g4xx_hal_pcd.o
 .ARM.attributes
                0x0000000000000395       0x39 Drivers/STM32G4xx_HAL_Driver/Src/stm32g4xx_hal_pcd_ex.o
 .ARM.attributes
                0x00000000000003ce       0x39 Drivers/STM32G4xx_HAL_Driver/Src/stm32g4xx_hal_pwr_ex.o
 .ARM.attributes
                0x0000000000000407       0x39 Drivers/STM32G4xx_HAL_Driver/Src/stm32g4xx_hal_rcc.o
 .ARM.attributes
                0x0000000000000440       0x39 Drivers/STM32G4xx_HAL_Driver/Src/stm32g4xx_hal_rcc_ex.o
 .ARM.attributes
                0x0000000000000479       0x39 Drivers/STM32G4xx_HAL_Driver/Src/stm32g4xx_hal_tim.o
 .ARM.attributes
                0x00000000000004b2       0x39 Drivers/STM32G4xx_HAL_Driver/Src/stm32g4xx_hal_tim_ex.o
 .ARM.attributes
                0x00000000000004eb       0x39 Drivers/STM32G4xx_HAL_Driver/Src/stm32g4xx_hal_uart.o
 .ARM.attributes
                0x0000000000000524       0x39 Drivers/STM32G4xx_HAL_Driver/Src/stm32g4xx_hal_uart_ex.o
 .ARM.attributes
                0x000000000000055d       0x39 Drivers/STM32G4xx_HAL_Driver/Src/stm32g4xx_ll_usb.o
 .ARM.attributes
                0x0000000000000596       0x39 Middlewares/ST/STM32_USB_Device_Library/Class/CDC/Src/usbd_cdc.o
 .ARM.attributes
                0x00000000000005cf       0x39 Middlewares/ST/STM32_USB_Device_Library/Core/Src/usbd_core.o
 .ARM.attributes
                0x0000000000000608       0x39 Middlewares/ST/STM32_USB_Device_Library/Core/Src/usbd_ctlreq.o
 .ARM.attributes
                0x0000000000000641       0x39 Middlewares/ST/STM32_USB_Device_Library/Core/Src/usbd_ioreq.o
 .ARM.attributes
                0x000000000000067a       0x39 USB_Device/App/usb_device.o
 .ARM.attributes
                0x00000000000006b3       0x39 USB_Device/App/usbd_cdc_if.o
 .ARM.attributes
                0x00000000000006ec       0x39 USB_Device/App/usbd_desc.o
 .ARM.attributes
                0x0000000000000725       0x39 USB_Device/Target/usbd_conf.o
 .ARM.attributes
                0x000000000000075e       0x34 d:/programfilesnew/st/stm32cubeide_1.0.0/stm32cubeide/plugins/com.st.stm32cube.ide.mcu.externaltools.gnu-tools-for-stm32.7-2018-q2-update.win32_1.0.0.201904181610/tools/bin/../lib/gcc/arm-none-eabi/7.3.1/../../../../arm-none-eabi/lib/thumb/v7e-m/fpv4-sp/hard\libc_nano.a(lib_a-init.o)
 .ARM.attributes
                0x0000000000000792       0x34 d:/programfilesnew/st/stm32cubeide_1.0.0/stm32cubeide/plugins/com.st.stm32cube.ide.mcu.externaltools.gnu-tools-for-stm32.7-2018-q2-update.win32_1.0.0.201904181610/tools/bin/../lib/gcc/arm-none-eabi/7.3.1/../../../../arm-none-eabi/lib/thumb/v7e-m/fpv4-sp/hard\libc_nano.a(lib_a-memset.o)
 .ARM.attributes
                0x00000000000007c6       0x22 d:/programfilesnew/st/stm32cubeide_1.0.0/stm32cubeide/plugins/com.st.stm32cube.ide.mcu.externaltools.gnu-tools-for-stm32.7-2018-q2-update.win32_1.0.0.201904181610/tools/bin/../lib/gcc/arm-none-eabi/7.3.1/thumb/v7e-m/fpv4-sp/hard\libgcc.a(_aeabi_uldivmod.o)
 .ARM.attributes
                0x00000000000007e8       0x34 d:/programfilesnew/st/stm32cubeide_1.0.0/stm32cubeide/plugins/com.st.stm32cube.ide.mcu.externaltools.gnu-tools-for-stm32.7-2018-q2-update.win32_1.0.0.201904181610/tools/bin/../lib/gcc/arm-none-eabi/7.3.1/thumb/v7e-m/fpv4-sp/hard\libgcc.a(_udivmoddi4.o)
 .ARM.attributes
                0x000000000000081c       0x22 d:/programfilesnew/st/stm32cubeide_1.0.0/stm32cubeide/plugins/com.st.stm32cube.ide.mcu.externaltools.gnu-tools-for-stm32.7-2018-q2-update.win32_1.0.0.201904181610/tools/bin/../lib/gcc/arm-none-eabi/7.3.1/thumb/v7e-m/fpv4-sp/hard\libgcc.a(_dvmd_tls.o)
 .ARM.attributes
                0x000000000000083e       0x22 d:/programfilesnew/st/stm32cubeide_1.0.0/stm32cubeide/plugins/com.st.stm32cube.ide.mcu.externaltools.gnu-tools-for-stm32.7-2018-q2-update.win32_1.0.0.201904181610/tools/bin/../lib/gcc/arm-none-eabi/7.3.1/thumb/v7e-m/fpv4-sp/hard/crtn.o
OUTPUT(O4_DH_pinmux.elf elf32-littlearm)

.debug_info     0x0000000000000000    0x2539b
 .debug_info    0x0000000000000000     0x2c32 Core/Src/main.o
 .debug_info    0x0000000000002c32     0x1eb5 Core/Src/stm32g4xx_hal_msp.o
 .debug_info    0x0000000000004ae7      0xfac Core/Src/stm32g4xx_it.o
 .debug_info    0x0000000000005a93      0x6af Core/Src/system_stm32g4xx.o
 .debug_info    0x0000000000006142       0x22 Core/Startup/startup_stm32g471cetx.o
 .debug_info    0x0000000000006164      0xbe3 Drivers/STM32G4xx_HAL_Driver/Src/stm32g4xx_hal.o
 .debug_info    0x0000000000006d47     0x1ec4 Drivers/STM32G4xx_HAL_Driver/Src/stm32g4xx_hal_adc.o
 .debug_info    0x0000000000008c0b     0x1c12 Drivers/STM32G4xx_HAL_Driver/Src/stm32g4xx_hal_adc_ex.o
 .debug_info    0x000000000000a81d      0xf03 Drivers/STM32G4xx_HAL_Driver/Src/stm32g4xx_hal_cortex.o
 .debug_info    0x000000000000b720      0xd4b Drivers/STM32G4xx_HAL_Driver/Src/stm32g4xx_hal_dac.o
 .debug_info    0x000000000000c46b      0xa07 Drivers/STM32G4xx_HAL_Driver/Src/stm32g4xx_hal_dma.o
 .debug_info    0x000000000000ce72      0x771 Drivers/STM32G4xx_HAL_Driver/Src/stm32g4xx_hal_dma_ex.o
 .debug_info    0x000000000000d5e3     0x1963 Drivers/STM32G4xx_HAL_Driver/Src/stm32g4xx_hal_fdcan.o
 .debug_info    0x000000000000ef46      0x969 Drivers/STM32G4xx_HAL_Driver/Src/stm32g4xx_hal_gpio.o
 .debug_info    0x000000000000f8af      0xf4e Drivers/STM32G4xx_HAL_Driver/Src/stm32g4xx_hal_pcd.o
 .debug_info    0x00000000000107fd      0x968 Drivers/STM32G4xx_HAL_Driver/Src/stm32g4xx_hal_pcd_ex.o
 .debug_info    0x0000000000011165      0xa9c Drivers/STM32G4xx_HAL_Driver/Src/stm32g4xx_hal_pwr_ex.o
 .debug_info    0x0000000000011c01      0xd03 Drivers/STM32G4xx_HAL_Driver/Src/stm32g4xx_hal_rcc.o
 .debug_info    0x0000000000012904      0xdb6 Drivers/STM32G4xx_HAL_Driver/Src/stm32g4xx_hal_rcc_ex.o
 .debug_info    0x00000000000136ba     0x2884 Drivers/STM32G4xx_HAL_Driver/Src/stm32g4xx_hal_tim.o
 .debug_info    0x0000000000015f3e     0x1a34 Drivers/STM32G4xx_HAL_Driver/Src/stm32g4xx_hal_tim_ex.o
 .debug_info    0x0000000000017972     0x19d5 Drivers/STM32G4xx_HAL_Driver/Src/stm32g4xx_hal_uart.o
 .debug_info    0x0000000000019347      0xc7a Drivers/STM32G4xx_HAL_Driver/Src/stm32g4xx_hal_uart_ex.o
 .debug_info    0x0000000000019fc1     0x15ff Drivers/STM32G4xx_HAL_Driver/Src/stm32g4xx_ll_usb.o
 .debug_info    0x000000000001b5c0     0x18af Middlewares/ST/STM32_USB_Device_Library/Class/CDC/Src/usbd_cdc.o
 .debug_info    0x000000000001ce6f     0x12c7 Middlewares/ST/STM32_USB_Device_Library/Core/Src/usbd_core.o
 .debug_info    0x000000000001e136     0x1237 Middlewares/ST/STM32_USB_Device_Library/Core/Src/usbd_ctlreq.o
 .debug_info    0x000000000001f36d     0x1028 Middlewares/ST/STM32_USB_Device_Library/Core/Src/usbd_ioreq.o
 .debug_info    0x0000000000020395      0xf70 USB_Device/App/usb_device.o
 .debug_info    0x0000000000021305     0x112b USB_Device/App/usbd_cdc_if.o
 .debug_info    0x0000000000022430      0xe0c USB_Device/App/usbd_desc.o
 .debug_info    0x000000000002323c     0x215f USB_Device/Target/usbd_conf.o

.debug_abbrev   0x0000000000000000     0x4333
 .debug_abbrev  0x0000000000000000      0x2b3 Core/Src/main.o
 .debug_abbrev  0x00000000000002b3      0x218 Core/Src/stm32g4xx_hal_msp.o
 .debug_abbrev  0x00000000000004cb      0x1ae Core/Src/stm32g4xx_it.o
 .debug_abbrev  0x0000000000000679      0x147 Core/Src/system_stm32g4xx.o
 .debug_abbrev  0x00000000000007c0       0x12 Core/Startup/startup_stm32g471cetx.o
 .debug_abbrev  0x00000000000007d2      0x1fb Drivers/STM32G4xx_HAL_Driver/Src/stm32g4xx_hal.o
 .debug_abbrev  0x00000000000009cd      0x24a Drivers/STM32G4xx_HAL_Driver/Src/stm32g4xx_hal_adc.o
 .debug_abbrev  0x0000000000000c17      0x26a Drivers/STM32G4xx_HAL_Driver/Src/stm32g4xx_hal_adc_ex.o
 .debug_abbrev  0x0000000000000e81      0x2f1 Drivers/STM32G4xx_HAL_Driver/Src/stm32g4xx_hal_cortex.o
 .debug_abbrev  0x0000000000001172      0x1cc Drivers/STM32G4xx_HAL_Driver/Src/stm32g4xx_hal_dac.o
 .debug_abbrev  0x000000000000133e      0x1d9 Drivers/STM32G4xx_HAL_Driver/Src/stm32g4xx_hal_dma.o
 .debug_abbrev  0x0000000000001517      0x1b3 Drivers/STM32G4xx_HAL_Driver/Src/stm32g4xx_hal_dma_ex.o
 .debug_abbrev  0x00000000000016ca      0x1cd Drivers/STM32G4xx_HAL_Driver/Src/stm32g4xx_hal_fdcan.o
 .debug_abbrev  0x0000000000001897      0x1c0 Drivers/STM32G4xx_HAL_Driver/Src/stm32g4xx_hal_gpio.o
 .debug_abbrev  0x0000000000001a57      0x27d Drivers/STM32G4xx_HAL_Driver/Src/stm32g4xx_hal_pcd.o
 .debug_abbrev  0x0000000000001cd4      0x1eb Drivers/STM32G4xx_HAL_Driver/Src/stm32g4xx_hal_pcd_ex.o
 .debug_abbrev  0x0000000000001ebf      0x1fd Drivers/STM32G4xx_HAL_Driver/Src/stm32g4xx_hal_pwr_ex.o
 .debug_abbrev  0x00000000000020bc      0x245 Drivers/STM32G4xx_HAL_Driver/Src/stm32g4xx_hal_rcc.o
 .debug_abbrev  0x0000000000002301      0x204 Drivers/STM32G4xx_HAL_Driver/Src/stm32g4xx_hal_rcc_ex.o
 .debug_abbrev  0x0000000000002505      0x25b Drivers/STM32G4xx_HAL_Driver/Src/stm32g4xx_hal_tim.o
 .debug_abbrev  0x0000000000002760      0x249 Drivers/STM32G4xx_HAL_Driver/Src/stm32g4xx_hal_tim_ex.o
 .debug_abbrev  0x00000000000029a9      0x205 Drivers/STM32G4xx_HAL_Driver/Src/stm32g4xx_hal_uart.o
 .debug_abbrev  0x0000000000002bae      0x1e2 Drivers/STM32G4xx_HAL_Driver/Src/stm32g4xx_hal_uart_ex.o
 .debug_abbrev  0x0000000000002d90      0x239 Drivers/STM32G4xx_HAL_Driver/Src/stm32g4xx_ll_usb.o
 .debug_abbrev  0x0000000000002fc9      0x2b6 Middlewares/ST/STM32_USB_Device_Library/Class/CDC/Src/usbd_cdc.o
 .debug_abbrev  0x000000000000327f      0x270 Middlewares/ST/STM32_USB_Device_Library/Core/Src/usbd_core.o
 .debug_abbrev  0x00000000000034ef      0x2a0 Middlewares/ST/STM32_USB_Device_Library/Core/Src/usbd_ctlreq.o
 .debug_abbrev  0x000000000000378f      0x1e0 Middlewares/ST/STM32_USB_Device_Library/Core/Src/usbd_ioreq.o
 .debug_abbrev  0x000000000000396f      0x1be USB_Device/App/usb_device.o
 .debug_abbrev  0x0000000000003b2d      0x285 USB_Device/App/usbd_cdc_if.o
 .debug_abbrev  0x0000000000003db2      0x290 USB_Device/App/usbd_desc.o
 .debug_abbrev  0x0000000000004042      0x2f1 USB_Device/Target/usbd_conf.o

.debug_aranges  0x0000000000000000     0x1da8
 .debug_aranges
                0x0000000000000000       0x78 Core/Src/main.o
 .debug_aranges
                0x0000000000000078       0x80 Core/Src/stm32g4xx_hal_msp.o
 .debug_aranges
                0x00000000000000f8       0x88 Core/Src/stm32g4xx_it.o
 .debug_aranges
                0x0000000000000180       0x28 Core/Src/system_stm32g4xx.o
 .debug_aranges
                0x00000000000001a8       0x28 Core/Startup/startup_stm32g471cetx.o
 .debug_aranges
                0x00000000000001d0      0x130 Drivers/STM32G4xx_HAL_Driver/Src/stm32g4xx_hal.o
 .debug_aranges
                0x0000000000000300      0x248 Drivers/STM32G4xx_HAL_Driver/Src/stm32g4xx_hal_adc.o
 .debug_aranges
                0x0000000000000548      0x1c0 Drivers/STM32G4xx_HAL_Driver/Src/stm32g4xx_hal_adc_ex.o
 .debug_aranges
                0x0000000000000708      0x118 Drivers/STM32G4xx_HAL_Driver/Src/stm32g4xx_hal_cortex.o
 .debug_aranges
                0x0000000000000820       0xc0 Drivers/STM32G4xx_HAL_Driver/Src/stm32g4xx_hal_dac.o
 .debug_aranges
                0x00000000000008e0       0x90 Drivers/STM32G4xx_HAL_Driver/Src/stm32g4xx_hal_dma.o
 .debug_aranges
                0x0000000000000970       0x40 Drivers/STM32G4xx_HAL_Driver/Src/stm32g4xx_hal_dma_ex.o
 .debug_aranges
                0x00000000000009b0      0x208 Drivers/STM32G4xx_HAL_Driver/Src/stm32g4xx_hal_fdcan.o
 .debug_aranges
                0x0000000000000bb8       0x58 Drivers/STM32G4xx_HAL_Driver/Src/stm32g4xx_hal_gpio.o
 .debug_aranges
                0x0000000000000c10      0x120 Drivers/STM32G4xx_HAL_Driver/Src/stm32g4xx_hal_pcd.o
 .debug_aranges
                0x0000000000000d30       0x58 Drivers/STM32G4xx_HAL_Driver/Src/stm32g4xx_hal_pcd_ex.o
 .debug_aranges
                0x0000000000000d88      0x140 Drivers/STM32G4xx_HAL_Driver/Src/stm32g4xx_hal_pwr_ex.o
 .debug_aranges
                0x0000000000000ec8       0x98 Drivers/STM32G4xx_HAL_Driver/Src/stm32g4xx_hal_rcc.o
 .debug_aranges
                0x0000000000000f60       0xb0 Drivers/STM32G4xx_HAL_Driver/Src/stm32g4xx_hal_rcc_ex.o
 .debug_aranges
                0x0000000000001010      0x3c8 Drivers/STM32G4xx_HAL_Driver/Src/stm32g4xx_hal_tim.o
 .debug_aranges
                0x00000000000013d8      0x228 Drivers/STM32G4xx_HAL_Driver/Src/stm32g4xx_hal_tim_ex.o
 .debug_aranges
                0x0000000000001600      0x218 Drivers/STM32G4xx_HAL_Driver/Src/stm32g4xx_hal_uart.o
 .debug_aranges
                0x0000000000001818       0x88 Drivers/STM32G4xx_HAL_Driver/Src/stm32g4xx_hal_uart_ex.o
 .debug_aranges
                0x00000000000018a0      0x108 Drivers/STM32G4xx_HAL_Driver/Src/stm32g4xx_ll_usb.o
 .debug_aranges
                0x00000000000019a8       0x90 Middlewares/ST/STM32_USB_Device_Library/Class/CDC/Src/usbd_cdc.o
 .debug_aranges
                0x0000000000001a38       0xb8 Middlewares/ST/STM32_USB_Device_Library/Core/Src/usbd_core.o
 .debug_aranges
                0x0000000000001af0       0x88 Middlewares/ST/STM32_USB_Device_Library/Core/Src/usbd_ctlreq.o
 .debug_aranges
                0x0000000000001b78       0x50 Middlewares/ST/STM32_USB_Device_Library/Core/Src/usbd_ioreq.o
 .debug_aranges
                0x0000000000001bc8       0x20 USB_Device/App/usb_device.o
 .debug_aranges
                0x0000000000001be8       0x40 USB_Device/App/usbd_cdc_if.o
 .debug_aranges
                0x0000000000001c28       0x60 USB_Device/App/usbd_desc.o
 .debug_aranges
                0x0000000000001c88      0x120 USB_Device/Target/usbd_conf.o

.debug_ranges   0x0000000000000000     0x1bb0
 .debug_ranges  0x0000000000000000       0x68 Core/Src/main.o
 .debug_ranges  0x0000000000000068       0x70 Core/Src/stm32g4xx_hal_msp.o
 .debug_ranges  0x00000000000000d8       0x78 Core/Src/stm32g4xx_it.o
 .debug_ranges  0x0000000000000150       0x18 Core/Src/system_stm32g4xx.o
 .debug_ranges  0x0000000000000168       0x20 Core/Startup/startup_stm32g471cetx.o
 .debug_ranges  0x0000000000000188      0x120 Drivers/STM32G4xx_HAL_Driver/Src/stm32g4xx_hal.o
 .debug_ranges  0x00000000000002a8      0x238 Drivers/STM32G4xx_HAL_Driver/Src/stm32g4xx_hal_adc.o
 .debug_ranges  0x00000000000004e0      0x1b0 Drivers/STM32G4xx_HAL_Driver/Src/stm32g4xx_hal_adc_ex.o
 .debug_ranges  0x0000000000000690      0x108 Drivers/STM32G4xx_HAL_Driver/Src/stm32g4xx_hal_cortex.o
 .debug_ranges  0x0000000000000798       0xb0 Drivers/STM32G4xx_HAL_Driver/Src/stm32g4xx_hal_dac.o
 .debug_ranges  0x0000000000000848       0x80 Drivers/STM32G4xx_HAL_Driver/Src/stm32g4xx_hal_dma.o
 .debug_ranges  0x00000000000008c8       0x30 Drivers/STM32G4xx_HAL_Driver/Src/stm32g4xx_hal_dma_ex.o
 .debug_ranges  0x00000000000008f8      0x1f8 Drivers/STM32G4xx_HAL_Driver/Src/stm32g4xx_hal_fdcan.o
 .debug_ranges  0x0000000000000af0       0x48 Drivers/STM32G4xx_HAL_Driver/Src/stm32g4xx_hal_gpio.o
 .debug_ranges  0x0000000000000b38      0x110 Drivers/STM32G4xx_HAL_Driver/Src/stm32g4xx_hal_pcd.o
 .debug_ranges  0x0000000000000c48       0x48 Drivers/STM32G4xx_HAL_Driver/Src/stm32g4xx_hal_pcd_ex.o
 .debug_ranges  0x0000000000000c90      0x130 Drivers/STM32G4xx_HAL_Driver/Src/stm32g4xx_hal_pwr_ex.o
 .debug_ranges  0x0000000000000dc0       0x88 Drivers/STM32G4xx_HAL_Driver/Src/stm32g4xx_hal_rcc.o
 .debug_ranges  0x0000000000000e48       0xa0 Drivers/STM32G4xx_HAL_Driver/Src/stm32g4xx_hal_rcc_ex.o
 .debug_ranges  0x0000000000000ee8      0x3b8 Drivers/STM32G4xx_HAL_Driver/Src/stm32g4xx_hal_tim.o
 .debug_ranges  0x00000000000012a0      0x218 Drivers/STM32G4xx_HAL_Driver/Src/stm32g4xx_hal_tim_ex.o
 .debug_ranges  0x00000000000014b8      0x208 Drivers/STM32G4xx_HAL_Driver/Src/stm32g4xx_hal_uart.o
 .debug_ranges  0x00000000000016c0       0x78 Drivers/STM32G4xx_HAL_Driver/Src/stm32g4xx_hal_uart_ex.o
 .debug_ranges  0x0000000000001738       0xf8 Drivers/STM32G4xx_HAL_Driver/Src/stm32g4xx_ll_usb.o
 .debug_ranges  0x0000000000001830       0x80 Middlewares/ST/STM32_USB_Device_Library/Class/CDC/Src/usbd_cdc.o
 .debug_ranges  0x00000000000018b0       0xa8 Middlewares/ST/STM32_USB_Device_Library/Core/Src/usbd_core.o
 .debug_ranges  0x0000000000001958       0x78 Middlewares/ST/STM32_USB_Device_Library/Core/Src/usbd_ctlreq.o
 .debug_ranges  0x00000000000019d0       0x40 Middlewares/ST/STM32_USB_Device_Library/Core/Src/usbd_ioreq.o
 .debug_ranges  0x0000000000001a10       0x10 USB_Device/App/usb_device.o
 .debug_ranges  0x0000000000001a20       0x30 USB_Device/App/usbd_cdc_if.o
 .debug_ranges  0x0000000000001a50       0x50 USB_Device/App/usbd_desc.o
 .debug_ranges  0x0000000000001aa0      0x110 USB_Device/Target/usbd_conf.o

.debug_macro    0x0000000000000000    0x25e6a
 .debug_macro   0x0000000000000000      0x42d Core/Src/main.o
 .debug_macro   0x000000000000042d      0xa5a Core/Src/main.o
 .debug_macro   0x0000000000000e87      0x173 Core/Src/main.o
 .debug_macro   0x0000000000000ffa       0x2e Core/Src/main.o
 .debug_macro   0x0000000000001028       0x28 Core/Src/main.o
 .debug_macro   0x0000000000001050       0x22 Core/Src/main.o
 .debug_macro   0x0000000000001072       0x8e Core/Src/main.o
 .debug_macro   0x0000000000001100       0x51 Core/Src/main.o
 .debug_macro   0x0000000000001151       0xef Core/Src/main.o
 .debug_macro   0x0000000000001240       0x6a Core/Src/main.o
 .debug_macro   0x00000000000012aa      0x1df Core/Src/main.o
 .debug_macro   0x0000000000001489       0x1c Core/Src/main.o
 .debug_macro   0x00000000000014a5       0x22 Core/Src/main.o
 .debug_macro   0x00000000000014c7       0xdf Core/Src/main.o
 .debug_macro   0x00000000000015a6     0x102d Core/Src/main.o
 .debug_macro   0x00000000000025d3      0x11f Core/Src/main.o
 .debug_macro   0x00000000000026f2    0x11f89 Core/Src/main.o
 .debug_macro   0x000000000001467b       0x43 Core/Src/main.o
 .debug_macro   0x00000000000146be     0x34ae Core/Src/main.o
 .debug_macro   0x0000000000017b6c      0x174 Core/Src/main.o
 .debug_macro   0x0000000000017ce0       0x5a Core/Src/main.o
 .debug_macro   0x0000000000017d3a     0x153c Core/Src/main.o
 .debug_macro   0x0000000000019276      0x5cf Core/Src/main.o
 .debug_macro   0x0000000000019845      0x137 Core/Src/main.o
 .debug_macro   0x000000000001997c      0x2b7 Core/Src/main.o
 .debug_macro   0x0000000000019c33      0x4b0 Core/Src/main.o
 .debug_macro   0x000000000001a0e3      0x18b Core/Src/main.o
 .debug_macro   0x000000000001a26e       0x43 Core/Src/main.o
 .debug_macro   0x000000000001a2b1      0x23d Core/Src/main.o
 .debug_macro   0x000000000001a4ee     0x10fd Core/Src/main.o
 .debug_macro   0x000000000001b5eb      0x72e Core/Src/main.o
 .debug_macro   0x000000000001bd19      0x391 Core/Src/main.o
 .debug_macro   0x000000000001c0aa      0x202 Core/Src/main.o
 .debug_macro   0x000000000001c2ac      0x108 Core/Src/main.o
 .debug_macro   0x000000000001c3b4      0x212 Core/Src/main.o
 .debug_macro   0x000000000001c5c6      0x6af Core/Src/main.o
 .debug_macro   0x000000000001cc75      0x45c Core/Src/main.o
 .debug_macro   0x000000000001d0d1      0x11c Core/Src/main.o
 .debug_macro   0x000000000001d1ed       0x65 Core/Src/main.o
 .debug_macro   0x000000000001d252      0x234 Core/Src/main.o
 .debug_macro   0x000000000001d486      0x122 Core/Src/main.o
 .debug_macro   0x000000000001d5a8      0x3d1 Core/Src/main.o
 .debug_macro   0x000000000001d979      0xb6a Core/Src/main.o
 .debug_macro   0x000000000001e4e3      0x52d Core/Src/main.o
 .debug_macro   0x000000000001ea10      0x63f Core/Src/main.o